#-----------------------------------------------------------
# Vivado v2020.1 (64-bit)
# SW Build 2902540 on Wed May 27 19:54:49 MDT 2020
# IP Build 2902112 on Wed May 27 22:43:36 MDT 2020
# Start of session at: Mon Jul  8 04:09:10 2024
# Process ID: 14832
# Current directory: C:/Users/gusta/Documents/SEP_projects/HW_SW/SEPmonG3/SEPmon
# Command line: vivado.exe -gui_launcher_event rodinguilauncherevent14848 C:\Users\gusta\Documents\SEP_projects\HW_SW\SEPmonG3\SEPmon\SEPmon.xpr
# Log file: C:/Users/gusta/Documents/SEP_projects/HW_SW/SEPmonG3/SEPmon/vivado.log
# Journal file: C:/Users/gusta/Documents/SEP_projects/HW_SW/SEPmonG3/SEPmon\vivado.jou
#-----------------------------------------------------------
start_gui
open_project C:/Users/gusta/Documents/SEP_projects/HW_SW/SEPmonG3/SEPmon/SEPmon.xpr
CRITICAL WARNING: [Project 1-19] Could not find the file 'C:/Users/gusta/Documents/SEP_projects/HW_SW/SEPmonG3/SEPmonG3V3_SW/Debug/SEPmonG3V3_SW.elf'.
Scanning sources...
Finished scanning sources
WARNING: [filemgmt 56-3] IP Repository Path: Could not find the directory 'C:/Users/gusta/Documents/SEP_projects/HW_SW/SEP/Proyecto_Base_Booster_v2/DEMODEFINITIVA/ip_repo/BUZZER_1.0'.
WARNING: [filemgmt 56-3] IP Repository Path: Could not find the directory 'C:/Users/gusta/Documents/SEP_projects/HW_SW/SEP/Proyecto_Base_Booster_v2/DEMODEFINITIVA/ip_repo/My_PWM_1.0'.
INFO: [IP_Flow 19-234] Refreshing IP repositories
INFO: [IP_Flow 19-1700] Loaded user IP repository 'c:/Users/gusta/Documents/SEP_projects/HW_SW/SEPmonG3/ip_repo/DigitalPeripherals_1.0'.
INFO: [IP_Flow 19-1700] Loaded user IP repository 'c:/Users/gusta/Documents/SEP_projects/HW_SW/Debouncer'.
WARNING: [IP_Flow 19-2248] Failed to load user IP repository 'c:/Users/gusta/Documents/SEP_projects/HW_SW/SEP/Proyecto_Base_Booster_v2/DEMODEFINITIVA/ip_repo/BUZZER_1.0'; Can't find the specified path.
If this directory should no longer be in your list of user repositories, go to the IP Settings dialog and remove it.
CRITICAL WARNING: [IP_Flow 19-4648] Error loading IP definition Reproductor_v1_0 (xilinx.com:user:Reproductor:1.0): This component is not valid; it has a subcoreRef defined to be the same as its parent.
INFO: [IP_Flow 19-1700] Loaded user IP repository 'c:/Users/gusta/OneDrive/Documents/universidad/4to/1r/SEP/Proyectos/pr2'.
WARNING: [IP_Flow 19-2248] Failed to load user IP repository 'c:/Users/gusta/Documents/SEP_projects/HW_SW/SEP/Proyecto_Base_Booster_v2/DEMODEFINITIVA/ip_repo/My_PWM_1.0'; Can't find the specified path.
If this directory should no longer be in your list of user repositories, go to the IP Settings dialog and remove it.
INFO: [IP_Flow 19-2313] Loaded Vivado IP repository 'C:/Xilinx/Vivado/2020.1/data/ip'.
WARNING: [IP_Flow 19-1663] Duplicate IP found for 'xilinx.com:user:DigitalPeripherals:1.0'. The one found in IP location 'c:/Users/gusta/Documents/SEP_projects/HW_SW/SEPmonG3/ip_repo/DigitalPeripherals_1.0' will take precedence over the same IP in location c:/Users/gusta/OneDrive/Documents/universidad/4to/1r/SEP/Proyectos/pr2/SEPmonG3/ip_repo/DigitalPeripherals_1.0
WARNING: [IP_Flow 19-1663] Duplicate IP found for 'xilinx.com:user:Reproductor:1.0'. The one found in IP location 'c:/Users/gusta/OneDrive/Documents/universidad/4to/1r/SEP/Proyectos/pr2/Musica/Musica.srcs' will take precedence over the same IP in location c:/Users/gusta/OneDrive/Documents/universidad/4to/1r/SEP/Proyectos/pr2/Musica/Musica.srcs/sources_1/new
WARNING: [IP_Flow 19-1663] Duplicate IP found for 'xilinx.com:module_ref:BUZZER:1.0'. The one found in IP location 'c:/Users/gusta/OneDrive/Documents/universidad/4to/1r/SEP/Proyectos/pr2/SEPmonG3/SEPmon/SEPmon.srcs/sources_1/bd/mref/BUZZER' will take precedence over the same IP in location c:/Users/gusta/Documents/SEP_projects/HW_SW/SEPmonG3/SEPmon/SEPmon.srcs/sources_1/bd/mref/BUZZER
open_project: Time (s): cpu = 00:00:20 ; elapsed = 00:00:18 . Memory (MB): peak = 1068.301 ; gain = 0.000
update_compile_order -fileset sources_1
open_bd_design {C:/Users/gusta/Documents/SEP_projects/HW_SW/SEPmonG3/SEPmon/SEPmon.srcs/sources_1/bd/DEMO/DEMO.bd}
Adding component instance block -- xilinx.com:ip:axi_interconnect:2.1 - ps7_0_axi_periph
Adding component instance block -- xilinx.com:ip:axi_crossbar:2.1 - xbar
Adding component instance block -- xilinx.com:ip:axi_protocol_converter:2.1 - auto_pc
Adding component instance block -- xilinx.com:ip:axi_timer:2.0 - axi_timer_0
Adding component instance block -- xilinx.com:ip:axi_timer:2.0 - axi_timer_1
Adding component instance block -- xilinx.com:ip:xlconcat:2.1 - xlconcat_0
Adding component instance block -- xilinx.com:ip:vio:3.0 - vio_0
Adding component instance block -- xilinx.com:ip:ila:6.2 - ila_0
INFO: [xilinx.com:ip:ila:6.2-6] /ila_0: Xilinx recommends using the System ILA IP in IP Integrator. The System ILA IP is functionally equivalent to an ILA and offers additional benefits in debugging interfaces both within IP Integrator and the Hardware Manager. Consult the Programming and Debug User Guide UG908 for further details.
Adding component instance block -- xilinx.com:ip:axi_timer:2.0 - axi_timer_2
Adding component instance block -- xilinx.com:ip:axi_gpio:2.0 - axi_gpio_0
Adding component instance block -- xilinx.com:ip:axi_iic:2.0 - axi_iic_0
Adding component instance block -- xilinx.com:ip:axi_quad_spi:3.2 - axi_quad_spi_0
Adding component instance block -- xilinx.com:ip:axi_quad_spi:3.2 - axi_quad_spi_1
Adding component instance block -- xilinx.com:ip:processing_system7:5.5 - processing_system7_0
WARNING: [BD 41-176] The physical port 'S_AXI_GP2_rd_socket' specified in the portmap, is not found on the block! 
WARNING: [BD 41-176] The physical port 'S_AXI_GP2_wr_socket' specified in the portmap, is not found on the block! 
WARNING: [BD 41-176] The physical port 'S_AXI_GP3_rd_socket' specified in the portmap, is not found on the block! 
WARNING: [BD 41-176] The physical port 'S_AXI_GP3_wr_socket' specified in the portmap, is not found on the block! 
Adding component instance block -- xilinx.com:ip:proc_sys_reset:5.0 - rst_ps7_0_50M
Adding component instance block -- xilinx.com:user:Debouncing_Button_VHDL:1.0 - Debouncing_Button_VH_0
Adding component instance block -- xilinx.com:user:ReproductorAXI:1.0 - ReproductorAXI_0
Adding component instance block -- xilinx.com:ip:axi_gpio:2.0 - axi_gpio_1
WARNING: [BD 41-1731] Type mismatch between connected pins: /clk(clk) and /axi_timer_2/freeze(undef)
Successfully read diagram <DEMO> from BD file <C:/Users/gusta/Documents/SEP_projects/HW_SW/SEPmonG3/SEPmon/SEPmon.srcs/sources_1/bd/DEMO/DEMO.bd>
open_bd_design: Time (s): cpu = 00:00:11 ; elapsed = 00:00:08 . Memory (MB): peak = 1402.820 ; gain = 114.891
reset_run impl_2
WARNING: [Vivado 12-1017] Problems encountered:
1. Couldn't access process for termination

exit
INFO: [Common 17-206] Exiting Vivado at Mon Jul  8 08:41:25 2024...
