#-----------------------------------------------------------
# Vivado v2020.1 (64-bit)
# SW Build 2902540 on Wed May 27 19:54:49 MDT 2020
# IP Build 2902112 on Wed May 27 22:43:36 MDT 2020
# Start of session at: Thu Jun 20 17:39:10 2024
# Process ID: 20680
# Current directory: C:/Users/gusta/OneDrive/Documents/universidad/4to/1r/SEP/Proyectos/pr2/SEPmonG3/Hardware_Proyecto_Booster
# Command line: vivado.exe -gui_launcher_event rodinguilauncherevent12008 C:\Users\gusta\OneDrive\Documents\universidad\4to\1r\SEP\Proyectos\pr2\SEPmonG3\Hardware_Proyecto_Booster\Hardware_Proyecto_Booster.xpr
# Log file: C:/Users/gusta/OneDrive/Documents/universidad/4to/1r/SEP/Proyectos/pr2/SEPmonG3/Hardware_Proyecto_Booster/vivado.log
# Journal file: C:/Users/gusta/OneDrive/Documents/universidad/4to/1r/SEP/Proyectos/pr2/SEPmonG3/Hardware_Proyecto_Booster\vivado.jou
#-----------------------------------------------------------
start_gui
open_project C:/Users/gusta/OneDrive/Documents/universidad/4to/1r/SEP/Proyectos/pr2/SEPmonG3/Hardware_Proyecto_Booster/Hardware_Proyecto_Booster.xpr
INFO: [ProjectBase 1-489] The host OS only allows 260 characters in a normal path. The project is stored in a path with more than 80 characters. If you experience issues with IP, Block Designs, or files not being found, please consider moving the project to a location with a shorter path. Alternately consider using the OS subst command to map part of the path to a drive letter.
Current project path is 'C:/Users/gusta/OneDrive/Documents/universidad/4to/1r/SEP/Proyectos/pr2/SEPmonG3/Hardware_Proyecto_Booster'
INFO: [Project 1-313] Project file moved from 'C:/Users/raimu/OneDrive/Escritorio/UC/SEP_2024_1/Proyecto_Base_Booster (1)/Hardware_Proyecto_Booster' since last save.
CRITICAL WARNING: [Project 1-311] Could not find the file 'C:/Users/gusta/OneDrive/Documents/universidad/4to/1r/SEP/Proyectos/pr2/SEP/Proyecto_Base_Booster_v2/DEMODEFINITIVA/DEMODEFINITIVA/Zybo-Z7-Master.xdc', nor could it be found using path 'C:/Users/raimu/OneDrive/Escritorio/UC/SEP_2024_1/SEP/Proyecto_Base_Booster_v2/DEMODEFINITIVA/DEMODEFINITIVA/Zybo-Z7-Master.xdc'.
Scanning sources...
Finished scanning sources
CRITICAL WARNING: [Project 1-532] XML ERROR: Project Option SimulatorGccInstallDirModelSim has no valid value
CRITICAL WARNING: [Project 1-532] XML ERROR: Project Option SimulatorGccInstallDirQuesta has no valid value
CRITICAL WARNING: [Project 1-532] XML ERROR: Project Option SimulatorGccInstallDirXcelium has no valid value
CRITICAL WARNING: [Project 1-532] XML ERROR: Project Option SimulatorGccInstallDirVCS has no valid value
CRITICAL WARNING: [Project 1-532] XML ERROR: Project Option SimulatorGccInstallDirRiviera has no valid value
CRITICAL WARNING: [Project 1-532] XML ERROR: Project Option SimulatorGccInstallDirActiveHdl has no valid value
CRITICAL WARNING: [Project 1-505] Unrecognized Option Name SimulatorVersionXsim
CRITICAL WARNING: [Project 1-505] Unrecognized Option Name SimulatorVersionModelSim
CRITICAL WARNING: [Project 1-505] Unrecognized Option Name SimulatorVersionQuesta
CRITICAL WARNING: [Project 1-505] Unrecognized Option Name SimulatorVersionXcelium
CRITICAL WARNING: [Project 1-505] Unrecognized Option Name SimulatorVersionVCS
CRITICAL WARNING: [Project 1-505] Unrecognized Option Name SimulatorVersionRiviera
CRITICAL WARNING: [Project 1-505] Unrecognized Option Name SimulatorVersionActiveHdl
CRITICAL WARNING: [Project 1-505] Unrecognized Option Name SimulatorGccVersionXsim
CRITICAL WARNING: [Project 1-505] Unrecognized Option Name SimulatorGccVersionModelSim
CRITICAL WARNING: [Project 1-505] Unrecognized Option Name SimulatorGccVersionQuesta
CRITICAL WARNING: [Project 1-505] Unrecognized Option Name SimulatorGccVersionXcelium
CRITICAL WARNING: [Project 1-505] Unrecognized Option Name SimulatorGccVersionVCS
CRITICAL WARNING: [Project 1-505] Unrecognized Option Name SimulatorGccVersionRiviera
CRITICAL WARNING: [Project 1-505] Unrecognized Option Name SimulatorGccVersionActiveHdl
WARNING: [filemgmt 56-2] IP Repository Path: Could not find the directory 'C:/Users/gusta/OneDrive/Documents/universidad/4to/1r/SEP/Proyectos/pr2/SEP/Proyecto_Base_Booster_v2/DEMODEFINITIVA/ip_repo/BUZZER_1.0', nor could it be found using path 'C:/Users/raimu/OneDrive/Escritorio/UC/SEP_2024_1/SEP/Proyecto_Base_Booster_v2/DEMODEFINITIVA/ip_repo/BUZZER_1.0'.
WARNING: [filemgmt 56-2] IP Repository Path: Could not find the directory 'C:/Users/gusta/OneDrive/Documents/universidad/4to/1r/SEP/Proyectos/pr2/SEP/Proyecto_Base_Booster_v2/DEMODEFINITIVA/ip_repo/My_PWM_1.0', nor could it be found using path 'C:/Users/raimu/OneDrive/Escritorio/UC/SEP_2024_1/SEP/Proyecto_Base_Booster_v2/DEMODEFINITIVA/ip_repo/My_PWM_1.0'.
CRITICAL WARNING: [Project 1-505] Unrecognized Option Name EnableResourceEstimation
CRITICAL WARNING: [Project 1-505] Unrecognized Option Name SimCompileState
CRITICAL WARNING: [Project 1-505] Unrecognized Option Name ClassicSocBoot
CRITICAL WARNING: [Project 1-505] Unrecognized Option Name LocalIPRepoLeafDirName
INFO: [IP_Flow 19-234] Refreshing IP repositories
WARNING: [IP_Flow 19-2248] Failed to load user IP repository 'c:/Users/gusta/OneDrive/Documents/universidad/4to/1r/SEP/Proyectos/pr2/SEP/Proyecto_Base_Booster_v2/DEMODEFINITIVA/ip_repo/BUZZER_1.0'; Can't find the specified path.
If this directory should no longer be in your list of user repositories, go to the IP Settings dialog and remove it.
WARNING: [IP_Flow 19-2248] Failed to load user IP repository 'c:/Users/gusta/OneDrive/Documents/universidad/4to/1r/SEP/Proyectos/pr2/SEP/Proyecto_Base_Booster_v2/DEMODEFINITIVA/ip_repo/My_PWM_1.0'; Can't find the specified path.
If this directory should no longer be in your list of user repositories, go to the IP Settings dialog and remove it.
INFO: [IP_Flow 19-2313] Loaded Vivado IP repository 'C:/Xilinx/Vivado/2020.1/data/ip'.
WARNING: [BD 41-1663] The design 'DEMO.bd' cannot be modified due to following reason(s):
* Project is read-only. Please run 'save_project_as' before making any change to the bd-design. 

WARNING: [BD 41-1661] One or more IPs have been locked in the design 'DEMO.bd'. Please run report_ip_status for more details and recommendations on how to fix this issue.
List of locked IPs:
DEMO_axi_quad_spi_0_0
DEMO_axi_gpio_0_0
DEMO_processing_system7_0_0
DEMO_ps7_0_axi_periph_0
DEMO_auto_pc_0
DEMO_axi_quad_spi_1_0
DEMO_xbar_0
DEMO_rst_ps7_0_50M_0
DEMO_axi_iic_0_1

WARNING: [Project 1-231] Project 'Hardware_Proyecto_Booster.xpr' was created with a future version and may or may not perform reliably with this version of Vivado. It has been opened in read-only mode for the protection of unrecognized data. Use 'File | Save Project As...' if you wish to alter a copy of the project.
open_project: Time (s): cpu = 00:00:12 ; elapsed = 00:00:07 . Memory (MB): peak = 1063.590 ; gain = 0.000
update_compile_order -fileset sources_1
save_project_as SEPmon C:/Users/gusta/OneDrive/Documents/universidad/4to/1r/SEP/Proyectos/pr2/SEPmonG3/SEPmon -force
INFO: [ProjectBase 1-489] The host OS only allows 260 characters in a normal path. The project is stored in a path with more than 80 characters. If you experience issues with IP, Block Designs, or files not being found, please consider moving the project to a location with a shorter path. Alternately consider using the OS subst command to map part of the path to a drive letter.
Current project path is 'C:/Users/gusta/OneDrive/Documents/universidad/4to/1r/SEP/Proyectos/pr2/SEPmonG3/SEPmon'
WARNING: [IP_Flow 19-2162] IP 'DEMO_axi_gpio_0_0' is locked:
* Project containing IP 'DEMO_axi_gpio_0_0' is read-only.
WARNING: [IP_Flow 19-2162] IP 'DEMO_axi_iic_0_1' is locked:
* Project containing IP 'DEMO_axi_iic_0_1' is read-only.
WARNING: [IP_Flow 19-2162] IP 'DEMO_axi_quad_spi_0_0' is locked:
* Project containing IP 'DEMO_axi_quad_spi_0_0' is read-only.
WARNING: [IP_Flow 19-2162] IP 'DEMO_axi_quad_spi_1_0' is locked:
* Project containing IP 'DEMO_axi_quad_spi_1_0' is read-only.
WARNING: [IP_Flow 19-2162] IP 'DEMO_processing_system7_0_0' is locked:
* Project containing IP 'DEMO_processing_system7_0_0' is read-only.
WARNING: [IP_Flow 19-2162] IP 'DEMO_rst_ps7_0_50M_0' is locked:
* Project containing IP 'DEMO_rst_ps7_0_50M_0' is read-only.
WARNING: [IP_Flow 19-2162] IP 'DEMO_xbar_0' is locked:
* Project containing IP 'DEMO_xbar_0' is read-only.
INFO: [IP_Flow 19-5107] Inferred bus interface 'clk' of definition 'xilinx.com:signal:clock:1.0' (from Xilinx Repository).
WARNING: [IP_Flow 19-5661] Bus Interface 'clk' does not have any bus interfaces associated with it.
INFO: [IP_Flow 19-234] Refreshing IP repositories
WARNING: [IP_Flow 19-2248] Failed to load user IP repository 'c:/Users/gusta/OneDrive/Documents/universidad/4to/1r/SEP/Proyectos/pr2/SEP/Proyecto_Base_Booster_v2/DEMODEFINITIVA/ip_repo/BUZZER_1.0'; Can't find the specified path.
If this directory should no longer be in your list of user repositories, go to the IP Settings dialog and remove it.
WARNING: [IP_Flow 19-2248] Failed to load user IP repository 'c:/Users/gusta/OneDrive/Documents/universidad/4to/1r/SEP/Proyectos/pr2/SEP/Proyecto_Base_Booster_v2/DEMODEFINITIVA/ip_repo/My_PWM_1.0'; Can't find the specified path.
If this directory should no longer be in your list of user repositories, go to the IP Settings dialog and remove it.
save_project_as: Time (s): cpu = 00:00:15 ; elapsed = 00:00:09 . Memory (MB): peak = 1063.590 ; gain = 0.000
export_ip_user_files -of_objects  [get_files C:/Users/gusta/OneDrive/Documents/universidad/4to/1r/SEP/Proyectos/pr2/SEPmonG3/SEPmon/SEPmon.srcs/sources_1/new/BUZZER.vhd] -no_script -reset -force -quiet
remove_files  C:/Users/gusta/OneDrive/Documents/universidad/4to/1r/SEP/Proyectos/pr2/SEPmonG3/SEPmon/SEPmon.srcs/sources_1/new/BUZZER.vhd
open_bd_design {C:/Users/gusta/OneDrive/Documents/universidad/4to/1r/SEP/Proyectos/pr2/SEPmonG3/SEPmon/SEPmon.srcs/sources_1/bd/DEMO/DEMO.bd}
Adding component instance block -- xilinx.com:ip:axi_interconnect:2.1 - ps7_0_axi_periph
Adding component instance block -- xilinx.com:ip:axi_crossbar:2.1 - xbar
Adding component instance block -- xilinx.com:ip:axi_protocol_converter:2.1 - auto_pc
Adding component instance block -- xilinx.com:module_ref:BUZZER:1.0 - BUZZER_0
CRITICAL WARNING: [BD 41-1726] Unable to resolve module-source for block '/BUZZER_0'.
Given inputs for module-source, Top-module name : BUZZER, Module Type : RTL.
Please review and update or add design-sources to this project to resolve this module-reference.
Adding component instance block -- xilinx.com:ip:axi_gpio:2.0 - axi_gpio_0
Adding component instance block -- xilinx.com:ip:axi_iic:2.0 - axi_iic_0
Adding component instance block -- xilinx.com:ip:axi_quad_spi:3.2 - axi_quad_spi_0
Adding component instance block -- xilinx.com:ip:axi_quad_spi:3.2 - axi_quad_spi_1
Adding component instance block -- xilinx.com:ip:processing_system7:5.5 - processing_system7_0
WARNING: [BD 41-176] The physical port 'S_AXI_GP2_rd_socket' specified in the portmap, is not found on the block! 
WARNING: [BD 41-176] The physical port 'S_AXI_GP2_wr_socket' specified in the portmap, is not found on the block! 
WARNING: [BD 41-176] The physical port 'S_AXI_GP3_rd_socket' specified in the portmap, is not found on the block! 
WARNING: [BD 41-176] The physical port 'S_AXI_GP3_wr_socket' specified in the portmap, is not found on the block! 
Adding component instance block -- xilinx.com:ip:proc_sys_reset:5.0 - rst_ps7_0_50M
Successfully read diagram <DEMO> from BD file <C:/Users/gusta/OneDrive/Documents/universidad/4to/1r/SEP/Proyectos/pr2/SEPmonG3/SEPmon/SEPmon.srcs/sources_1/bd/DEMO/DEMO.bd>
delete_bd_objs [get_bd_nets clk_0_1] [get_bd_nets BTN_JY_0_1] [get_bd_nets BTN0_0_1] [get_bd_nets BTN1_0_1] [get_bd_nets BUZZER_0_LEDS] [get_bd_nets BUZZER_0_BUZZER_PWM] [get_bd_cells BUZZER_0]
delete_bd_objs [get_bd_ports BTN_JY]
delete_bd_objs [get_bd_ports BTN0]
delete_bd_objs [get_bd_ports BTN1]
set_property  ip_repo_paths  {c:/Users/gusta/OneDrive/Documents/universidad/4to/1r/SEP/Proyectos/pr2/SEP/Proyecto_Base_Booster_v2/DEMODEFINITIVA/ip_repo/BUZZER_1.0 C:/Users/gusta/OneDrive/Documents/universidad/4to/1r/SEP/Proyectos/pr2 c:/Users/gusta/OneDrive/Documents/universidad/4to/1r/SEP/Proyectos/pr2/SEP/Proyecto_Base_Booster_v2/DEMODEFINITIVA/ip_repo/My_PWM_1.0} [current_project]
update_ip_catalog
INFO: [IP_Flow 19-234] Refreshing IP repositories
WARNING: [IP_Flow 19-3685] Ignored loading user repository 'c:/Users/gusta/OneDrive/Documents/universidad/4to/1r/SEP/Proyectos/pr2/SEP/Proyecto_Base_Booster_v2/DEMODEFINITIVA/ip_repo/BUZZER_1.0'. The path is contained within another repository.
CRITICAL WARNING: [IP_Flow 19-4648] Error loading IP definition Reproductor_v1_0 (xilinx.com:user:Reproductor:1.0): This component is not valid; it has a subcoreRef defined to be the same as its parent.
INFO: [IP_Flow 19-1700] Loaded user IP repository 'c:/Users/gusta/OneDrive/Documents/universidad/4to/1r/SEP/Proyectos/pr2'.
WARNING: [IP_Flow 19-3656] If you move the project, the path for repository 'c:/Users/gusta/OneDrive/Documents/universidad/4to/1r/SEP/Proyectos/pr2' may become invalid. A better location for the repository would be in a path adjacent to the project. (Current project location is 'c:/Users/gusta/OneDrive/Documents/universidad/4to/1r/SEP/Proyectos/pr2/SEPmonG3/SEPmon'.)
WARNING: [IP_Flow 19-3685] Ignored loading user repository 'c:/Users/gusta/OneDrive/Documents/universidad/4to/1r/SEP/Proyectos/pr2/SEP/Proyecto_Base_Booster_v2/DEMODEFINITIVA/ip_repo/My_PWM_1.0'. The path is contained within another repository.
WARNING: [IP_Flow 19-1663] Duplicate IP found for 'xilinx.com:user:Reproductor:1.0'. The one found in IP location 'c:/Users/gusta/OneDrive/Documents/universidad/4to/1r/SEP/Proyectos/pr2/Musica/Musica.srcs' will take precedence over the same IP in location c:/Users/gusta/OneDrive/Documents/universidad/4to/1r/SEP/Proyectos/pr2/Musica/Musica.srcs/sources_1/new
WARNING: [IP_Flow 19-1663] Duplicate IP found for 'xilinx.com:module_ref:BUZZER:1.0'. The one found in IP location 'c:/Users/gusta/OneDrive/Documents/universidad/4to/1r/SEP/Proyectos/pr2/SEPmonG3/Hardware_Proyecto_Booster/Hardware_Proyecto_Booster.srcs/sources_1/bd/mref/BUZZER' will take precedence over the same IP in locations: 
   c:/Users/gusta/OneDrive/Documents/universidad/4to/1r/SEP/Proyectos/pr2/SEPmonG3/SEPmon/SEPmon.srcs/sources_1/bd/mref/BUZZER
   c:/Users/gusta/OneDrive/Documents/universidad/4to/1r/SEP/Proyectos/pr2/SEPmonG3/SEPmon/SEPmon.srcs/sources_1/bd/mref/BUZZER
startgroup
create_bd_cell -type ip -vlnv xilinx.com:ip:axi_gpio:2.0 axi_gpio_1
endgroup
set_property location {3.5 1320 418} [get_bd_cells axi_gpio_1]
undo
INFO: [Common 17-17] undo 'set_property location {3.5 1320 418} [get_bd_cells axi_gpio_1]'
set_property location {3 895 107} [get_bd_cells axi_gpio_1]
set_property location {632 -29} [get_bd_ports BUZZER_PWM]
set_property -dict [list CONFIG.C_GPIO_WIDTH {1} CONFIG.C_ALL_INPUTS {1}] [get_bd_cells axi_gpio_1]
set_property location {598 25} [get_bd_ports LEDS]
startgroup
make_bd_intf_pins_external  [get_bd_intf_pins axi_gpio_1/GPIO]
endgroup
set_property name TempIRQ [get_bd_intf_ports GPIO_0]
apply_bd_automation -rule xilinx.com:bd_rule:axi4 -config { Clk_master {/processing_system7_0/FCLK_CLK0 (100 MHz)} Clk_slave {Auto} Clk_xbar {/processing_system7_0/FCLK_CLK0 (100 MHz)} Master {/processing_system7_0/M_AXI_GP0} Slave {/axi_gpio_1/S_AXI} ddr_seg {Auto} intc_ip {/ps7_0_axi_periph} master_apm {0}}  [get_bd_intf_pins axi_gpio_1/S_AXI]
Slave segment '/axi_gpio_1/S_AXI/Reg' is being assigned into address space '/processing_system7_0/Data' at <0x4121_0000 [ 64K ]>.
startgroup
create_bd_cell -type ip -vlnv xilinx.com:ip:axi_timer:2.0 axi_timer_0
endgroup
set_property location {4 1155 948} [get_bd_cells axi_timer_0]
startgroup
set_property -dict [list CONFIG.C_INTERRUPT_PRESENT {1}] [get_bd_cells axi_gpio_1]
endgroup
apply_bd_automation -rule xilinx.com:bd_rule:axi4 -config { Clk_master {/processing_system7_0/FCLK_CLK0 (100 MHz)} Clk_slave {Auto} Clk_xbar {/processing_system7_0/FCLK_CLK0 (100 MHz)} Master {/processing_system7_0/M_AXI_GP0} Slave {/axi_timer_0/S_AXI} ddr_seg {Auto} intc_ip {/ps7_0_axi_periph} master_apm {0}}  [get_bd_intf_pins axi_timer_0/S_AXI]
Slave segment '/axi_timer_0/S_AXI/Reg' is being assigned into address space '/processing_system7_0/Data' at <0x4280_0000 [ 64K ]>.
startgroup
create_bd_cell -type ip -vlnv xilinx.com:ip:axi_timer:2.0 axi_timer_1
endgroup
set_property location {4 1173 1149} [get_bd_cells axi_timer_1]
apply_bd_automation -rule xilinx.com:bd_rule:axi4 -config { Clk_master {/processing_system7_0/FCLK_CLK0 (100 MHz)} Clk_slave {Auto} Clk_xbar {/processing_system7_0/FCLK_CLK0 (100 MHz)} Master {/processing_system7_0/M_AXI_GP0} Slave {/axi_timer_1/S_AXI} ddr_seg {Auto} intc_ip {/ps7_0_axi_periph} master_apm {0}}  [get_bd_intf_pins axi_timer_1/S_AXI]
Slave segment '/axi_timer_1/S_AXI/Reg' is being assigned into address space '/processing_system7_0/Data' at <0x4281_0000 [ 64K ]>.
CRITICAL WARNING: [PSU-1]  Parameter : PCW_UIPARAM_DDR_DQS_TO_CLK_DELAY_0 has negative value -0.050 . PS DDR interfaces might fail when entering negative DQS skew values. 
CRITICAL WARNING: [PSU-2]  Parameter : PCW_UIPARAM_DDR_DQS_TO_CLK_DELAY_1 has negative value -0.044 . PS DDR interfaces might fail when entering negative DQS skew values. 
CRITICAL WARNING: [PSU-3]  Parameter : PCW_UIPARAM_DDR_DQS_TO_CLK_DELAY_2 has negative value -0.035 . PS DDR interfaces might fail when entering negative DQS skew values. 
CRITICAL WARNING: [PSU-4]  Parameter : PCW_UIPARAM_DDR_DQS_TO_CLK_DELAY_3 has negative value -0.100 . PS DDR interfaces might fail when entering negative DQS skew values. 
CRITICAL WARNING: [PSU-1]  Parameter : PCW_UIPARAM_DDR_DQS_TO_CLK_DELAY_0 has negative value -0.050 . PS DDR interfaces might fail when entering negative DQS skew values. 
CRITICAL WARNING: [PSU-2]  Parameter : PCW_UIPARAM_DDR_DQS_TO_CLK_DELAY_1 has negative value -0.044 . PS DDR interfaces might fail when entering negative DQS skew values. 
CRITICAL WARNING: [PSU-3]  Parameter : PCW_UIPARAM_DDR_DQS_TO_CLK_DELAY_2 has negative value -0.035 . PS DDR interfaces might fail when entering negative DQS skew values. 
CRITICAL WARNING: [PSU-4]  Parameter : PCW_UIPARAM_DDR_DQS_TO_CLK_DELAY_3 has negative value -0.100 . PS DDR interfaces might fail when entering negative DQS skew values. 
WARNING: [IP_Flow 19-474] Invalid Parameter 'Component_Name'
startgroup
set_property -dict [list CONFIG.PCW_USE_FABRIC_INTERRUPT {1} CONFIG.PCW_IRQ_F2P_INTR {1}] [get_bd_cells processing_system7_0]
WARNING: [BD 41-176] The physical port 'S_AXI_GP2_rd_socket' specified in the portmap, is not found on the block! 
WARNING: [BD 41-176] The physical port 'S_AXI_GP2_wr_socket' specified in the portmap, is not found on the block! 
WARNING: [BD 41-176] The physical port 'S_AXI_GP3_rd_socket' specified in the portmap, is not found on the block! 
WARNING: [BD 41-176] The physical port 'S_AXI_GP3_wr_socket' specified in the portmap, is not found on the block! 
endgroup
startgroup
create_bd_cell -type ip -vlnv xilinx.com:ip:xlconcat:2.1 xlconcat_0
endgroup
set_property location {1 114 397} [get_bd_cells xlconcat_0]
set_property -dict [list CONFIG.NUM_PORTS {3}] [get_bd_cells xlconcat_0]
connect_bd_net [get_bd_pins axi_gpio_1/ip2intc_irpt] [get_bd_pins xlconcat_0/In2]
connect_bd_net [get_bd_pins axi_timer_0/interrupt] [get_bd_pins xlconcat_0/In0]
connect_bd_net [get_bd_pins axi_timer_1/interrupt] [get_bd_pins xlconcat_0/In1]
startgroup
create_bd_cell -type ip -vlnv xilinx.com:user:ReproductorAXI:1.0 ReproductorAXI_0
endgroup
set_property location {888 31} [get_bd_intf_ports FIXED_IO]
undo
INFO: [Common 17-17] undo 'set_property location {888 31} [get_bd_intf_ports FIXED_IO]'
set_property location {3 732 1015} [get_bd_cells ReproductorAXI_0]
delete_bd_objs [get_bd_ports LEDS]
connect_bd_net [get_bd_ports BUZZER_PWM] [get_bd_pins ReproductorAXI_0/BUZZER_PWM]
connect_bd_net [get_bd_pins ReproductorAXI_0/BUZZER_PWM] [get_bd_pins ReproductorAXI_0/clk]
WARNING: [BD 41-1731] Type mismatch between connected pins: /ReproductorAXI_0/BUZZER_PWM(undef) and /ReproductorAXI_0/clk(clk)
delete_bd_objs [get_bd_nets ReproductorAXI_0_BUZZER_PWM] [get_bd_cells ReproductorAXI_0]
undo
INFO: [Common 17-17] undo 'delete_bd_objs [get_bd_nets ReproductorAXI_0_BUZZER_PWM] [get_bd_cells ReproductorAXI_0]'
WARNING: [BD 41-1731] Type mismatch between connected pins: /ReproductorAXI_0/BUZZER_PWM(undef) and /ReproductorAXI_0/clk(clk)
delete_bd_objs [get_bd_nets ReproductorAXI_0_BUZZER_PWM]
connect_bd_net [get_bd_ports BUZZER_PWM] [get_bd_pins ReproductorAXI_0/BUZZER_PWM]
startgroup
make_bd_pins_external  [get_bd_pins ReproductorAXI_0/leds]
endgroup
set_property location {1044 -140} [get_bd_ports clk]
startgroup
connect_bd_net [get_bd_ports clk] [get_bd_pins ReproductorAXI_0/clk]
endgroup
apply_bd_automation -rule xilinx.com:bd_rule:axi4 -config { Clk_master {/processing_system7_0/FCLK_CLK0 (100 MHz)} Clk_slave {Auto} Clk_xbar {/processing_system7_0/FCLK_CLK0 (100 MHz)} Master {/processing_system7_0/M_AXI_GP0} Slave {/ReproductorAXI_0/S00_AXI} ddr_seg {Auto} intc_ip {/ps7_0_axi_periph} master_apm {0}}  [get_bd_intf_pins ReproductorAXI_0/S00_AXI]
Slave segment '/ReproductorAXI_0/S00_AXI/S00_AXI_reg' is being assigned into address space '/processing_system7_0/Data' at <0x43C0_0000 [ 64K ]>.
startgroup
create_bd_cell -type ip -vlnv xilinx.com:ip:vio:3.0 vio_0
endgroup
set_property location {4 1037 -85} [get_bd_cells vio_0]
set_property -dict [list CONFIG.C_EN_PROBE_IN_ACTIVITY {0} CONFIG.C_NUM_PROBE_IN {0}] [get_bd_cells vio_0]
connect_bd_net [get_bd_pins vio_0/probe_out0] [get_bd_pins ReproductorAXI_0/mute]
connect_bd_net [get_bd_ports clk] [get_bd_pins vio_0/clk]
startgroup
create_bd_cell -type ip -vlnv xilinx.com:ip:ila:6.2 ila_0
INFO: [xilinx.com:ip:ila:6.2-6] /ila_0: Xilinx recommends using the System ILA IP in IP Integrator. The System ILA IP is functionally equivalent to an ILA and offers additional benefits in debugging interfaces both within IP Integrator and the Hardware Manager. Consult the Programming and Debug User Guide UG908 for further details.
endgroup
set_property location {4 996 -166} [get_bd_cells ila_0]
connect_bd_intf_net [get_bd_intf_pins ila_0/SLOT_0_AXI] [get_bd_intf_pins ReproductorAXI_0/S00_AXI]
connect_bd_net [get_bd_pins ila_0/clk] [get_bd_pins processing_system7_0/FCLK_CLK0]
set_property location {1672 -76} [get_bd_ports BUZZER_PWM]
set_property location {-73 -77} [get_bd_ports clk]
file mkdir C:/Users/gusta/OneDrive/Documents/universidad/4to/1r/SEP/Proyectos/pr2/SEPmonG3/SEPmon/SEPmon.srcs/constrs_1
file mkdir C:/Users/gusta/OneDrive/Documents/universidad/4to/1r/SEP/Proyectos/pr2/SEP/Proyecto_Base_Booster_v2/DEMODEFINITIVA/DEMODEFINITIVA
file mkdir C:/Users/gusta/OneDrive/Documents/universidad/4to/1r/SEP/Proyectos/pr2/SEPmonG3/SEPmon/SEPmon.srcs/constrs_1/new
close [ open C:/Users/gusta/OneDrive/Documents/universidad/4to/1r/SEP/Proyectos/pr2/SEPmonG3/SEPmon/SEPmon.srcs/constrs_1/new/Zybo-Z7-Master.xdc w ]
add_files -fileset constrs_1 C:/Users/gusta/OneDrive/Documents/universidad/4to/1r/SEP/Proyectos/pr2/SEPmonG3/SEPmon/SEPmon.srcs/constrs_1/new/Zybo-Z7-Master.xdc
export_ip_user_files -of_objects  [get_files C:/Users/gusta/OneDrive/Documents/universidad/4to/1r/SEP/Proyectos/pr2/SEP/Proyecto_Base_Booster_v2/DEMODEFINITIVA/DEMODEFINITIVA/Zybo-Z7-Master.xdc] -no_script -reset -force -quiet
remove_files  -fileset constrs_1 C:/Users/gusta/OneDrive/Documents/universidad/4to/1r/SEP/Proyectos/pr2/SEP/Proyecto_Base_Booster_v2/DEMODEFINITIVA/DEMODEFINITIVA/Zybo-Z7-Master.xdc
validate_bd_design
WARNING: [BD 41-176] The physical port 'S_AXI_GP2_rd_socket' specified in the portmap, is not found on the block! 
WARNING: [BD 41-176] The physical port 'S_AXI_GP2_wr_socket' specified in the portmap, is not found on the block! 
WARNING: [BD 41-176] The physical port 'S_AXI_GP3_rd_socket' specified in the portmap, is not found on the block! 
WARNING: [BD 41-176] The physical port 'S_AXI_GP3_wr_socket' specified in the portmap, is not found on the block! 
INFO: [xilinx.com:ip:axi_quad_spi:3.2-1] /axi_quad_spi_1 
                   #######################################################################################
                   INFO: AXI Quad SPI core's AXI Lite Clock and EXT SPI CLK are synchronous to each other.
                   ########################################################################################
INFO: [xilinx.com:ip:axi_quad_spi:3.2-1] /axi_quad_spi_0 
                   #######################################################################################
                   INFO: AXI Quad SPI core's AXI Lite Clock and EXT SPI CLK are synchronous to each other.
                   ########################################################################################
validate_bd_design: Time (s): cpu = 00:00:19 ; elapsed = 00:00:21 . Memory (MB): peak = 1302.125 ; gain = 13.395
make_wrapper -files [get_files C:/Users/gusta/OneDrive/Documents/universidad/4to/1r/SEP/Proyectos/pr2/SEPmonG3/SEPmon/SEPmon.srcs/sources_1/bd/DEMO/DEMO.bd] -top
INFO: [BD 41-1662] The design 'DEMO.bd' is already validated. Therefore parameter propagation will not be re-run.
Wrote  : <C:\Users\gusta\OneDrive\Documents\universidad\4to\1r\SEP\Proyectos\pr2\SEPmonG3\SEPmon\SEPmon.srcs\sources_1\bd\DEMO\DEMO.bd> 
Wrote  : <C:/Users/gusta/OneDrive/Documents/universidad/4to/1r/SEP/Proyectos/pr2/SEPmonG3/SEPmon/SEPmon.srcs/sources_1/bd/DEMO/ui/bd_58220e03.ui> 
VHDL Output written to : C:/Users/gusta/OneDrive/Documents/universidad/4to/1r/SEP/Proyectos/pr2/SEPmonG3/SEPmon/SEPmon.srcs/sources_1/bd/DEMO/synth/DEMO.vhd
VHDL Output written to : C:/Users/gusta/OneDrive/Documents/universidad/4to/1r/SEP/Proyectos/pr2/SEPmonG3/SEPmon/SEPmon.srcs/sources_1/bd/DEMO/sim/DEMO.vhd
VHDL Output written to : C:/Users/gusta/OneDrive/Documents/universidad/4to/1r/SEP/Proyectos/pr2/SEPmonG3/SEPmon/SEPmon.srcs/sources_1/bd/DEMO/hdl/DEMO_wrapper.vhd
INFO: [IP_Flow 19-234] Refreshing IP repositories
WARNING: [IP_Flow 19-3685] Ignored loading user repository 'c:/Users/gusta/OneDrive/Documents/universidad/4to/1r/SEP/Proyectos/pr2/SEP/Proyecto_Base_Booster_v2/DEMODEFINITIVA/ip_repo/BUZZER_1.0'. The path is contained within another repository.
CRITICAL WARNING: [IP_Flow 19-4648] Error loading IP definition Reproductor_v1_0 (xilinx.com:user:Reproductor:1.0): This component is not valid; it has a subcoreRef defined to be the same as its parent.
INFO: [IP_Flow 19-1700] Loaded user IP repository 'c:/Users/gusta/OneDrive/Documents/universidad/4to/1r/SEP/Proyectos/pr2'.
WARNING: [IP_Flow 19-3656] If you move the project, the path for repository 'c:/Users/gusta/OneDrive/Documents/universidad/4to/1r/SEP/Proyectos/pr2' may become invalid. A better location for the repository would be in a path adjacent to the project. (Current project location is 'c:/Users/gusta/OneDrive/Documents/universidad/4to/1r/SEP/Proyectos/pr2/SEPmonG3/SEPmon'.)
WARNING: [IP_Flow 19-3685] Ignored loading user repository 'c:/Users/gusta/OneDrive/Documents/universidad/4to/1r/SEP/Proyectos/pr2/SEP/Proyecto_Base_Booster_v2/DEMODEFINITIVA/ip_repo/My_PWM_1.0'. The path is contained within another repository.
WARNING: [IP_Flow 19-1663] Duplicate IP found for 'xilinx.com:user:Reproductor:1.0'. The one found in IP location 'c:/Users/gusta/OneDrive/Documents/universidad/4to/1r/SEP/Proyectos/pr2/Musica/Musica.srcs' will take precedence over the same IP in location c:/Users/gusta/OneDrive/Documents/universidad/4to/1r/SEP/Proyectos/pr2/Musica/Musica.srcs/sources_1/new
WARNING: [IP_Flow 19-1663] Duplicate IP found for 'xilinx.com:module_ref:BUZZER:1.0'. The one found in IP location 'c:/Users/gusta/OneDrive/Documents/universidad/4to/1r/SEP/Proyectos/pr2/SEPmonG3/Hardware_Proyecto_Booster/Hardware_Proyecto_Booster.srcs/sources_1/bd/mref/BUZZER' will take precedence over the same IP in locations: 
   c:/Users/gusta/OneDrive/Documents/universidad/4to/1r/SEP/Proyectos/pr2/SEPmonG3/SEPmon/SEPmon.srcs/sources_1/bd/mref/BUZZER
   c:/Users/gusta/OneDrive/Documents/universidad/4to/1r/SEP/Proyectos/pr2/SEPmonG3/SEPmon/SEPmon.srcs/sources_1/bd/mref/BUZZER
WARNING: [IP_Flow 19-4318] IP-XACT file does not exist: c:/Users/gusta/OneDrive/Documents/universidad/4to/1r/SEP/Proyectos/pr2/SEPmonG3/Hardware_Proyecto_Booster/Hardware_Proyecto_Booster.srcs/sources_1/bd/mref/BUZZER/component.xml. It will be created.
launch_runs impl_1 -to_step write_bitstream -jobs 4
INFO: [BD 41-1662] The design 'DEMO.bd' is already validated. Therefore parameter propagation will not be re-run.
Wrote  : <C:\Users\gusta\OneDrive\Documents\universidad\4to\1r\SEP\Proyectos\pr2\SEPmonG3\SEPmon\SEPmon.srcs\sources_1\bd\DEMO\DEMO.bd> 
VHDL Output written to : C:/Users/gusta/OneDrive/Documents/universidad/4to/1r/SEP/Proyectos/pr2/SEPmonG3/SEPmon/SEPmon.srcs/sources_1/bd/DEMO/synth/DEMO.vhd
VHDL Output written to : C:/Users/gusta/OneDrive/Documents/universidad/4to/1r/SEP/Proyectos/pr2/SEPmonG3/SEPmon/SEPmon.srcs/sources_1/bd/DEMO/sim/DEMO.vhd
VHDL Output written to : C:/Users/gusta/OneDrive/Documents/universidad/4to/1r/SEP/Proyectos/pr2/SEPmonG3/SEPmon/SEPmon.srcs/sources_1/bd/DEMO/hdl/DEMO_wrapper.vhd
WARNING: [IP_Flow 19-5611] Unable to find an associated reset port for the interface 'M_AXI_GP0'. A default connection has been created.
INFO: [BD 41-1029] Generation completed for the IP Integrator block processing_system7_0 .
INFO: [BD 41-1029] Generation completed for the IP Integrator block ps7_0_axi_periph/xbar .
WARNING: [IP_Flow 19-4994] Overwriting existing constraint file 'c:/Users/gusta/OneDrive/Documents/universidad/4to/1r/SEP/Proyectos/pr2/SEPmonG3/SEPmon/SEPmon.srcs/sources_1/bd/DEMO/ip/DEMO_auto_pc_0/DEMO_auto_pc_0_ooc.xdc'
INFO: [BD 41-1029] Generation completed for the IP Integrator block ps7_0_axi_periph/s00_couplers/auto_pc .
INFO: [BD 41-1029] Generation completed for the IP Integrator block axi_gpio_1 .
WARNING: [IP_Flow 19-4994] Overwriting existing constraint file 'c:/Users/gusta/OneDrive/Documents/universidad/4to/1r/SEP/Proyectos/pr2/SEPmonG3/SEPmon/SEPmon.srcs/sources_1/bd/DEMO/ip/DEMO_axi_timer_0_0/DEMO_axi_timer_0_0_ooc.xdc'
INFO: [BD 41-1029] Generation completed for the IP Integrator block axi_timer_0 .
WARNING: [IP_Flow 19-4994] Overwriting existing constraint file 'c:/Users/gusta/OneDrive/Documents/universidad/4to/1r/SEP/Proyectos/pr2/SEPmonG3/SEPmon/SEPmon.srcs/sources_1/bd/DEMO/ip/DEMO_axi_timer_1_0/DEMO_axi_timer_1_0_ooc.xdc'
INFO: [BD 41-1029] Generation completed for the IP Integrator block axi_timer_1 .
INFO: [BD 41-1029] Generation completed for the IP Integrator block xlconcat_0 .
INFO: [BD 41-1029] Generation completed for the IP Integrator block ReproductorAXI_0 .
INFO: [BD 41-1029] Generation completed for the IP Integrator block vio_0 .
WARNING: [IP_Flow 19-4994] Overwriting existing constraint file 'c:/Users/gusta/OneDrive/Documents/universidad/4to/1r/SEP/Proyectos/pr2/SEPmonG3/SEPmon/SEPmon.srcs/sources_1/bd/DEMO/ip/DEMO_ila_0_0/DEMO_ila_0_0_ooc.xdc'
INFO: [BD 41-1029] Generation completed for the IP Integrator block ila_0 .
Exporting to file C:/Users/gusta/OneDrive/Documents/universidad/4to/1r/SEP/Proyectos/pr2/SEPmonG3/SEPmon/SEPmon.srcs/sources_1/bd/DEMO/hw_handoff/DEMO.hwh
Generated Block Design Tcl file C:/Users/gusta/OneDrive/Documents/universidad/4to/1r/SEP/Proyectos/pr2/SEPmonG3/SEPmon/SEPmon.srcs/sources_1/bd/DEMO/hw_handoff/DEMO_bd.tcl
Generated Hardware Definition File C:/Users/gusta/OneDrive/Documents/universidad/4to/1r/SEP/Proyectos/pr2/SEPmonG3/SEPmon/SEPmon.srcs/sources_1/bd/DEMO/synth/DEMO.hwdef
INFO: [IP_Flow 19-4993] Using cached IP synthesis design for IP DEMO_ReproductorAXI_0_0, cache-ID = e6e99dfa395b10de; cache size = 16.697 MB.
INFO: [IP_Flow 19-4993] Using cached IP synthesis design for IP DEMO_auto_pc_0, cache-ID = f0066fce20473567; cache size = 7.148 MB.
INFO: [IP_Flow 19-4993] Using cached IP synthesis design for IP DEMO_vio_0_0, cache-ID = 6e8ad64ae3911c9f; cache size = 16.697 MB.
INFO: [IP_Flow 19-4993] Using cached IP synthesis design for IP DEMO_axi_timer_0_0, cache-ID = f30676ba6857027b; cache size = 7.148 MB.
INFO: [IP_Flow 19-4993] Using cached IP synthesis design for IP DEMO_axi_timer_1_0, cache-ID = f30676ba6857027b; cache size = 7.148 MB.
INFO: [IP_Flow 19-4993] Using cached IP synthesis design for IP DEMO_ila_0_0, cache-ID = f35e3b6e4c9e36a6; cache size = 16.697 MB.
config_ip_cache: Time (s): cpu = 00:00:08 ; elapsed = 00:00:06 . Memory (MB): peak = 1516.523 ; gain = 0.000
[Thu Jun 20 17:52:18 2024] Launched DEMO_xbar_0_synth_1, DEMO_axi_gpio_0_0_synth_1, DEMO_processing_system7_0_0_synth_1, DEMO_rst_ps7_0_50M_0_synth_1, DEMO_axi_quad_spi_1_0_synth_1, DEMO_axi_iic_0_1_synth_1, DEMO_axi_quad_spi_0_0_synth_1, DEMO_axi_gpio_1_0_synth_1, synth_1...
Run output will be captured here:
DEMO_xbar_0_synth_1: C:/Users/gusta/OneDrive/Documents/universidad/4to/1r/SEP/Proyectos/pr2/SEPmonG3/SEPmon/SEPmon.runs/DEMO_xbar_0_synth_1/runme.log
DEMO_axi_gpio_0_0_synth_1: C:/Users/gusta/OneDrive/Documents/universidad/4to/1r/SEP/Proyectos/pr2/SEPmonG3/SEPmon/SEPmon.runs/DEMO_axi_gpio_0_0_synth_1/runme.log
DEMO_processing_system7_0_0_synth_1: C:/Users/gusta/OneDrive/Documents/universidad/4to/1r/SEP/Proyectos/pr2/SEPmonG3/SEPmon/SEPmon.runs/DEMO_processing_system7_0_0_synth_1/runme.log
DEMO_rst_ps7_0_50M_0_synth_1: C:/Users/gusta/OneDrive/Documents/universidad/4to/1r/SEP/Proyectos/pr2/SEPmonG3/SEPmon/SEPmon.runs/DEMO_rst_ps7_0_50M_0_synth_1/runme.log
DEMO_axi_quad_spi_1_0_synth_1: C:/Users/gusta/OneDrive/Documents/universidad/4to/1r/SEP/Proyectos/pr2/SEPmonG3/SEPmon/SEPmon.runs/DEMO_axi_quad_spi_1_0_synth_1/runme.log
DEMO_axi_iic_0_1_synth_1: C:/Users/gusta/OneDrive/Documents/universidad/4to/1r/SEP/Proyectos/pr2/SEPmonG3/SEPmon/SEPmon.runs/DEMO_axi_iic_0_1_synth_1/runme.log
DEMO_axi_quad_spi_0_0_synth_1: C:/Users/gusta/OneDrive/Documents/universidad/4to/1r/SEP/Proyectos/pr2/SEPmonG3/SEPmon/SEPmon.runs/DEMO_axi_quad_spi_0_0_synth_1/runme.log
DEMO_axi_gpio_1_0_synth_1: C:/Users/gusta/OneDrive/Documents/universidad/4to/1r/SEP/Proyectos/pr2/SEPmonG3/SEPmon/SEPmon.runs/DEMO_axi_gpio_1_0_synth_1/runme.log
synth_1: C:/Users/gusta/OneDrive/Documents/universidad/4to/1r/SEP/Proyectos/pr2/SEPmonG3/SEPmon/SEPmon.runs/synth_1/runme.log
[Thu Jun 20 17:52:18 2024] Launched impl_1...
Run output will be captured here: C:/Users/gusta/OneDrive/Documents/universidad/4to/1r/SEP/Proyectos/pr2/SEPmonG3/SEPmon/SEPmon.runs/impl_1/runme.log
launch_runs: Time (s): cpu = 00:00:30 ; elapsed = 00:00:32 . Memory (MB): peak = 1516.523 ; gain = 76.742
reset_run synth_1
reset_run DEMO_axi_quad_spi_1_0_synth_1
reset_run DEMO_axi_iic_0_1_synth_1
reset_run DEMO_axi_quad_spi_0_0_synth_1
reset_run DEMO_axi_gpio_1_0_synth_1
reset_run DEMO_xbar_0_synth_1
WARNING: [Vivado 12-1017] Problems encountered:
1. Failed to delete one or more files in run directory C:/Users/gusta/OneDrive/Documents/universidad/4to/1r/SEP/Proyectos/pr2/SEPmonG3/SEPmon/SEPmon.runs/DEMO_xbar_0_synth_1

reset_run DEMO_axi_gpio_0_0_synth_1
WARNING: [Vivado 12-1017] Problems encountered:
1. Failed to delete one or more files in run directory C:/Users/gusta/OneDrive/Documents/universidad/4to/1r/SEP/Proyectos/pr2/SEPmonG3/SEPmon/SEPmon.runs/DEMO_axi_gpio_0_0_synth_1

reset_run DEMO_processing_system7_0_0_synth_1
WARNING: [Vivado 12-1017] Problems encountered:
1. Failed to delete one or more files in run directory C:/Users/gusta/OneDrive/Documents/universidad/4to/1r/SEP/Proyectos/pr2/SEPmonG3/SEPmon/SEPmon.runs/DEMO_processing_system7_0_0_synth_1

reset_run DEMO_rst_ps7_0_50M_0_synth_1
WARNING: [Vivado 12-1017] Problems encountered:
1. Failed to delete one or more files in run directory C:/Users/gusta/OneDrive/Documents/universidad/4to/1r/SEP/Proyectos/pr2/SEPmonG3/SEPmon/SEPmon.runs/DEMO_rst_ps7_0_50M_0_synth_1

set_property name leds [get_bd_ports leds_0]
save_bd_design
Wrote  : <C:\Users\gusta\OneDrive\Documents\universidad\4to\1r\SEP\Proyectos\pr2\SEPmonG3\SEPmon\SEPmon.srcs\sources_1\bd\DEMO\DEMO.bd> 
Wrote  : <C:/Users/gusta/OneDrive/Documents/universidad/4to/1r/SEP/Proyectos/pr2/SEPmonG3/SEPmon/SEPmon.srcs/sources_1/bd/DEMO/ui/bd_58220e03.ui> 
make_wrapper -files [get_files C:/Users/gusta/OneDrive/Documents/universidad/4to/1r/SEP/Proyectos/pr2/SEPmonG3/SEPmon/SEPmon.srcs/sources_1/bd/DEMO/DEMO.bd] -top
INFO: [xilinx.com:ip:axi_quad_spi:3.2-1] /axi_quad_spi_1 
                   #######################################################################################
                   INFO: AXI Quad SPI core's AXI Lite Clock and EXT SPI CLK are synchronous to each other.
                   ########################################################################################
INFO: [xilinx.com:ip:axi_quad_spi:3.2-1] /axi_quad_spi_1 
                   #######################################################################################
                   INFO: AXI Quad SPI core's AXI Lite Clock and EXT SPI CLK are synchronous to each other.
                   ########################################################################################
INFO: [xilinx.com:ip:axi_quad_spi:3.2-1] /axi_quad_spi_0 
                   #######################################################################################
                   INFO: AXI Quad SPI core's AXI Lite Clock and EXT SPI CLK are synchronous to each other.
                   ########################################################################################
INFO: [xilinx.com:ip:axi_quad_spi:3.2-1] /axi_quad_spi_0 
                   #######################################################################################
                   INFO: AXI Quad SPI core's AXI Lite Clock and EXT SPI CLK are synchronous to each other.
                   ########################################################################################
Wrote  : <C:\Users\gusta\OneDrive\Documents\universidad\4to\1r\SEP\Proyectos\pr2\SEPmonG3\SEPmon\SEPmon.srcs\sources_1\bd\DEMO\DEMO.bd> 
VHDL Output written to : C:/Users/gusta/OneDrive/Documents/universidad/4to/1r/SEP/Proyectos/pr2/SEPmonG3/SEPmon/SEPmon.srcs/sources_1/bd/DEMO/synth/DEMO.vhd
VHDL Output written to : C:/Users/gusta/OneDrive/Documents/universidad/4to/1r/SEP/Proyectos/pr2/SEPmonG3/SEPmon/SEPmon.srcs/sources_1/bd/DEMO/sim/DEMO.vhd
VHDL Output written to : C:/Users/gusta/OneDrive/Documents/universidad/4to/1r/SEP/Proyectos/pr2/SEPmonG3/SEPmon/SEPmon.srcs/sources_1/bd/DEMO/hdl/DEMO_wrapper.vhd
make_wrapper: Time (s): cpu = 00:00:21 ; elapsed = 00:00:27 . Memory (MB): peak = 1533.176 ; gain = 14.637
connect_bd_net [get_bd_pins xlconcat_0/dout] [get_bd_pins processing_system7_0/IRQ_F2P]
save_bd_design
Wrote  : <C:\Users\gusta\OneDrive\Documents\universidad\4to\1r\SEP\Proyectos\pr2\SEPmonG3\SEPmon\SEPmon.srcs\sources_1\bd\DEMO\DEMO.bd> 
Wrote  : <C:/Users/gusta/OneDrive/Documents/universidad/4to/1r/SEP/Proyectos/pr2/SEPmonG3/SEPmon/SEPmon.srcs/sources_1/bd/DEMO/ui/bd_58220e03.ui> 
validate_bd_design
WARNING: [BD 41-176] The physical port 'S_AXI_GP2_rd_socket' specified in the portmap, is not found on the block! 
WARNING: [BD 41-176] The physical port 'S_AXI_GP2_wr_socket' specified in the portmap, is not found on the block! 
WARNING: [BD 41-176] The physical port 'S_AXI_GP3_rd_socket' specified in the portmap, is not found on the block! 
WARNING: [BD 41-176] The physical port 'S_AXI_GP3_wr_socket' specified in the portmap, is not found on the block! 
INFO: [xilinx.com:ip:axi_quad_spi:3.2-1] /axi_quad_spi_1 
                   #######################################################################################
                   INFO: AXI Quad SPI core's AXI Lite Clock and EXT SPI CLK are synchronous to each other.
                   ########################################################################################
INFO: [xilinx.com:ip:axi_quad_spi:3.2-1] /axi_quad_spi_0 
                   #######################################################################################
                   INFO: AXI Quad SPI core's AXI Lite Clock and EXT SPI CLK are synchronous to each other.
                   ########################################################################################
validate_bd_design: Time (s): cpu = 00:00:23 ; elapsed = 00:00:27 . Memory (MB): peak = 1549.996 ; gain = 14.184
startgroup
set_property -dict [list CONFIG.C_SCK_RATIO {16} CONFIG.Multiples16 {2}] [get_bd_cells axi_quad_spi_1]
endgroup
save_bd_design
Wrote  : <C:\Users\gusta\OneDrive\Documents\universidad\4to\1r\SEP\Proyectos\pr2\SEPmonG3\SEPmon\SEPmon.srcs\sources_1\bd\DEMO\DEMO.bd> 
Wrote  : <C:/Users/gusta/OneDrive/Documents/universidad/4to/1r/SEP/Proyectos/pr2/SEPmonG3/SEPmon/SEPmon.srcs/sources_1/bd/DEMO/ui/bd_58220e03.ui> 
make_wrapper -files [get_files C:/Users/gusta/OneDrive/Documents/universidad/4to/1r/SEP/Proyectos/pr2/SEPmonG3/SEPmon/SEPmon.srcs/sources_1/bd/DEMO/DEMO.bd] -top
INFO: [xilinx.com:ip:axi_quad_spi:3.2-1] /axi_quad_spi_1 
                   #######################################################################################
                   INFO: AXI Quad SPI core's AXI Lite Clock and EXT SPI CLK are synchronous to each other.
                   ########################################################################################
INFO: [xilinx.com:ip:axi_quad_spi:3.2-1] /axi_quad_spi_1 
                   #######################################################################################
                   INFO: AXI Quad SPI core's AXI Lite Clock and EXT SPI CLK are synchronous to each other.
                   ########################################################################################
INFO: [xilinx.com:ip:axi_quad_spi:3.2-1] /axi_quad_spi_0 
                   #######################################################################################
                   INFO: AXI Quad SPI core's AXI Lite Clock and EXT SPI CLK are synchronous to each other.
                   ########################################################################################
INFO: [xilinx.com:ip:axi_quad_spi:3.2-1] /axi_quad_spi_0 
                   #######################################################################################
                   INFO: AXI Quad SPI core's AXI Lite Clock and EXT SPI CLK are synchronous to each other.
                   ########################################################################################
Wrote  : <C:\Users\gusta\OneDrive\Documents\universidad\4to\1r\SEP\Proyectos\pr2\SEPmonG3\SEPmon\SEPmon.srcs\sources_1\bd\DEMO\DEMO.bd> 
VHDL Output written to : C:/Users/gusta/OneDrive/Documents/universidad/4to/1r/SEP/Proyectos/pr2/SEPmonG3/SEPmon/SEPmon.srcs/sources_1/bd/DEMO/synth/DEMO.vhd
VHDL Output written to : C:/Users/gusta/OneDrive/Documents/universidad/4to/1r/SEP/Proyectos/pr2/SEPmonG3/SEPmon/SEPmon.srcs/sources_1/bd/DEMO/sim/DEMO.vhd
VHDL Output written to : C:/Users/gusta/OneDrive/Documents/universidad/4to/1r/SEP/Proyectos/pr2/SEPmonG3/SEPmon/SEPmon.srcs/sources_1/bd/DEMO/hdl/DEMO_wrapper.vhd
make_wrapper: Time (s): cpu = 00:00:22 ; elapsed = 00:00:27 . Memory (MB): peak = 1551.793 ; gain = 0.539
launch_runs impl_1 -to_step write_bitstream -jobs 4
INFO: [BD 41-1662] The design 'DEMO.bd' is already validated. Therefore parameter propagation will not be re-run.
Wrote  : <C:\Users\gusta\OneDrive\Documents\universidad\4to\1r\SEP\Proyectos\pr2\SEPmonG3\SEPmon\SEPmon.srcs\sources_1\bd\DEMO\DEMO.bd> 
Wrote  : <C:/Users/gusta/OneDrive/Documents/universidad/4to/1r/SEP/Proyectos/pr2/SEPmonG3/SEPmon/SEPmon.srcs/sources_1/bd/DEMO/ui/bd_58220e03.ui> 
VHDL Output written to : C:/Users/gusta/OneDrive/Documents/universidad/4to/1r/SEP/Proyectos/pr2/SEPmonG3/SEPmon/SEPmon.srcs/sources_1/bd/DEMO/synth/DEMO.vhd
VHDL Output written to : C:/Users/gusta/OneDrive/Documents/universidad/4to/1r/SEP/Proyectos/pr2/SEPmonG3/SEPmon/SEPmon.srcs/sources_1/bd/DEMO/sim/DEMO.vhd
VHDL Output written to : C:/Users/gusta/OneDrive/Documents/universidad/4to/1r/SEP/Proyectos/pr2/SEPmonG3/SEPmon/SEPmon.srcs/sources_1/bd/DEMO/hdl/DEMO_wrapper.vhd
WARNING: [IP_Flow 19-5611] Unable to find an associated reset port for the interface 'M_AXI_GP0'. A default connection has been created.
INFO: [BD 41-1029] Generation completed for the IP Integrator block processing_system7_0 .
INFO: [BD 41-1029] Generation completed for the IP Integrator block axi_quad_spi_1 .
WARNING: [IP_Flow 19-4994] Overwriting existing constraint file 'c:/Users/gusta/OneDrive/Documents/universidad/4to/1r/SEP/Proyectos/pr2/SEPmonG3/SEPmon/SEPmon.srcs/sources_1/bd/DEMO/ip/DEMO_auto_pc_0/DEMO_auto_pc_0_ooc.xdc'
INFO: [BD 41-1029] Generation completed for the IP Integrator block ps7_0_axi_periph/s00_couplers/auto_pc .
Exporting to file C:/Users/gusta/OneDrive/Documents/universidad/4to/1r/SEP/Proyectos/pr2/SEPmonG3/SEPmon/SEPmon.srcs/sources_1/bd/DEMO/hw_handoff/DEMO.hwh
Generated Block Design Tcl file C:/Users/gusta/OneDrive/Documents/universidad/4to/1r/SEP/Proyectos/pr2/SEPmonG3/SEPmon/SEPmon.srcs/sources_1/bd/DEMO/hw_handoff/DEMO_bd.tcl
Generated Hardware Definition File C:/Users/gusta/OneDrive/Documents/universidad/4to/1r/SEP/Proyectos/pr2/SEPmonG3/SEPmon/SEPmon.srcs/sources_1/bd/DEMO/synth/DEMO.hwdef
INFO: [IP_Flow 19-4993] Using cached IP synthesis design for IP DEMO_auto_pc_0, cache-ID = f0066fce20473567; cache size = 7.148 MB.
[Thu Jun 20 17:56:51 2024] Launched DEMO_xbar_0_synth_1, DEMO_axi_gpio_0_0_synth_1, DEMO_processing_system7_0_0_synth_1, DEMO_rst_ps7_0_50M_0_synth_1, DEMO_axi_quad_spi_1_0_synth_1, DEMO_axi_iic_0_1_synth_1, DEMO_axi_quad_spi_0_0_synth_1, DEMO_axi_gpio_1_0_synth_1, synth_1...
Run output will be captured here:
DEMO_xbar_0_synth_1: C:/Users/gusta/OneDrive/Documents/universidad/4to/1r/SEP/Proyectos/pr2/SEPmonG3/SEPmon/SEPmon.runs/DEMO_xbar_0_synth_1/runme.log
DEMO_axi_gpio_0_0_synth_1: C:/Users/gusta/OneDrive/Documents/universidad/4to/1r/SEP/Proyectos/pr2/SEPmonG3/SEPmon/SEPmon.runs/DEMO_axi_gpio_0_0_synth_1/runme.log
DEMO_processing_system7_0_0_synth_1: C:/Users/gusta/OneDrive/Documents/universidad/4to/1r/SEP/Proyectos/pr2/SEPmonG3/SEPmon/SEPmon.runs/DEMO_processing_system7_0_0_synth_1/runme.log
DEMO_rst_ps7_0_50M_0_synth_1: C:/Users/gusta/OneDrive/Documents/universidad/4to/1r/SEP/Proyectos/pr2/SEPmonG3/SEPmon/SEPmon.runs/DEMO_rst_ps7_0_50M_0_synth_1/runme.log
DEMO_axi_quad_spi_1_0_synth_1: C:/Users/gusta/OneDrive/Documents/universidad/4to/1r/SEP/Proyectos/pr2/SEPmonG3/SEPmon/SEPmon.runs/DEMO_axi_quad_spi_1_0_synth_1/runme.log
DEMO_axi_iic_0_1_synth_1: C:/Users/gusta/OneDrive/Documents/universidad/4to/1r/SEP/Proyectos/pr2/SEPmonG3/SEPmon/SEPmon.runs/DEMO_axi_iic_0_1_synth_1/runme.log
DEMO_axi_quad_spi_0_0_synth_1: C:/Users/gusta/OneDrive/Documents/universidad/4to/1r/SEP/Proyectos/pr2/SEPmonG3/SEPmon/SEPmon.runs/DEMO_axi_quad_spi_0_0_synth_1/runme.log
DEMO_axi_gpio_1_0_synth_1: C:/Users/gusta/OneDrive/Documents/universidad/4to/1r/SEP/Proyectos/pr2/SEPmonG3/SEPmon/SEPmon.runs/DEMO_axi_gpio_1_0_synth_1/runme.log
synth_1: C:/Users/gusta/OneDrive/Documents/universidad/4to/1r/SEP/Proyectos/pr2/SEPmonG3/SEPmon/SEPmon.runs/synth_1/runme.log
[Thu Jun 20 17:56:51 2024] Launched impl_1...
Run output will be captured here: C:/Users/gusta/OneDrive/Documents/universidad/4to/1r/SEP/Proyectos/pr2/SEPmonG3/SEPmon/SEPmon.runs/impl_1/runme.log
launch_runs: Time (s): cpu = 00:00:24 ; elapsed = 00:00:26 . Memory (MB): peak = 1556.301 ; gain = 4.508
set_property pfm_name {} [get_files -all {C:/Users/gusta/OneDrive/Documents/universidad/4to/1r/SEP/Proyectos/pr2/SEPmonG3/SEPmon/SEPmon.srcs/sources_1/bd/DEMO/DEMO.bd}]
write_hw_platform -fixed -include_bit -force -file C:/Users/gusta/OneDrive/Documents/universidad/4to/1r/SEP/Proyectos/pr2/SEPmonG3/SEPmon/SEPmon.xsa
INFO: [Vivado 12-4895] Creating Hardware Platform: C:/Users/gusta/OneDrive/Documents/universidad/4to/1r/SEP/Proyectos/pr2/SEPmonG3/SEPmon/SEPmon.xsa ...
INFO: [Hsi 55-2053] elapsed time for repository (C:/Xilinx/Vivado/2020.1/data\embeddedsw) loading 1 seconds
INFO: [Vivado 12-4896] Successfully created Hardware Platform: C:/Users/gusta/OneDrive/Documents/universidad/4to/1r/SEP/Proyectos/pr2/SEPmonG3/SEPmon/SEPmon.xsa
write_hw_platform: Time (s): cpu = 00:00:09 ; elapsed = 00:00:10 . Memory (MB): peak = 1649.547 ; gain = 77.453
INFO: [Vivado 12-8231] Launching Vitis
INFO: [Vivado 12-417] Running vitis
INFO: [Vivado 12-8232] Vitis launch initiated. Please check console for any further messages.
exit
INFO: [Common 17-206] Exiting Vivado at Thu Jun 20 20:20:27 2024...
