#-----------------------------------------------------------
# Vivado v2020.1 (64-bit)
# SW Build 2902540 on Wed May 27 19:54:49 MDT 2020
# IP Build 2902112 on Wed May 27 22:43:36 MDT 2020
# Start of session at: Sun Jul  7 16:15:52 2024
# Process ID: 5416
# Current directory: C:/Users/gusta/OneDrive/Documents/universidad/4to/1r/SEP/Proyectos/pr1/Debouncer
# Command line: vivado.exe -gui_launcher_event rodinguilauncherevent11416 C:\Users\gusta\OneDrive\Documents\universidad\4to\1r\SEP\Proyectos\pr1\Debouncer\Debouncer.xpr
# Log file: C:/Users/gusta/OneDrive/Documents/universidad/4to/1r/SEP/Proyectos/pr1/Debouncer/vivado.log
# Journal file: C:/Users/gusta/OneDrive/Documents/universidad/4to/1r/SEP/Proyectos/pr1/Debouncer\vivado.jou
#-----------------------------------------------------------
start_gui
open_project C:/Users/gusta/OneDrive/Documents/universidad/4to/1r/SEP/Proyectos/pr1/Debouncer/Debouncer.xpr
Scanning sources...
Finished scanning sources
INFO: [IP_Flow 19-234] Refreshing IP repositories
INFO: [IP_Flow 19-1700] Loaded user IP repository 'c:/Users/gusta/OneDrive/Documents/universidad/4to/1r/SEP/Proyectos/pr1/Debouncer/Debouncer.srcs/sources_1/new'.
INFO: [IP_Flow 19-2313] Loaded Vivado IP repository 'C:/Xilinx/Vivado/2020.1/data/ip'.
update_compile_order -fileset sources_1
exit
INFO: [Common 17-206] Exiting Vivado at Sun Jul  7 16:16:23 2024...
