#-----------------------------------------------------------
# Vivado v2020.1 (64-bit)
# SW Build 2902540 on Wed May 27 19:54:49 MDT 2020
# IP Build 2902112 on Wed May 27 22:43:36 MDT 2020
# Start of session at: Sat May 11 19:36:25 2024
# Process ID: 20412
# Current directory: C:/Users/gusta/Documents/SEP_projects/init_axi
# Command line: vivado.exe -gui_launcher_event rodinguilauncherevent8096 C:\Users\gusta\Documents\SEP_projects\init_axi\init_axi.xpr
# Log file: C:/Users/gusta/Documents/SEP_projects/init_axi/vivado.log
# Journal file: C:/Users/gusta/Documents/SEP_projects/init_axi\vivado.jou
#-----------------------------------------------------------
start_gui
open_project C:/Users/gusta/Documents/SEP_projects/init_axi/init_axi.xpr
update_compile_order -fileset sources_1
open_bd_design {C:/Users/gusta/Documents/SEP_projects/init_axi/init_axi.srcs/sources_1/bd/design_1/design_1.bd}
ipx::edit_ip_in_project -upgrade true -name Init_v1_0_project -directory C:/Users/gusta/Documents/SEP_projects/init_axi/init_axi.tmp/Init_v1_0_project c:/Users/gusta/OneDrive/Documents/universidad/4to/1r/SEP/Proyectos/pr1/ip_repo/Init_1.0/component.xml
update_compile_order -fileset sources_1
set_property core_revision 9 [ipx::current_core]
ipx::update_source_project_archive -component [ipx::current_core]
ipx::create_xgui_files [ipx::current_core]
ipx::update_checksums [ipx::current_core]
ipx::save_core [ipx::current_core]
current_project init_axi
close_project
