2024-07-08T19:01:33.727290800255-19:01:33 **** Incremental Build of configuration Debug for project SEPmonlol ****
000-make all 
000-make --no-print-directory pre-build
000-a9-linaro-pre-build-step
000-' '
000-make --no-print-directory main-build
000-'Building file: ../src/main.c'
000-'Invoking: ARM v7 gcc compiler'
000-arm-none-eabi-gcc -Wall -O0 -g3 -c -fmessage-length=0 -MT"src/main.o" -mcpu=cortex-a9 -mfpu=vfpv3 -mfloat-abi=hard -IC:/Users/gusta/OneDrive/Escritorio/SEPmon/SEPmonxdnt/export/SEPmonxdnt/sw/SEPmonxdnt/standalone_domain/bspinclude/include -MMD -MP -MF"src/main.d" -MT"src/main.o" -o "src/main.o" "../src/main.c"
000-'Finished building: ../src/main.c'
000-' '
000-'Building file: ../src/sdCard.c'
000-'Invoking: ARM v7 gcc compiler'
000-arm-none-eabi-gcc -Wall -O0 -g3 -c -fmessage-length=0 -MT"src/sdCard.o" -mcpu=cortex-a9 -mfpu=vfpv3 -mfloat-abi=hard -IC:/Users/gusta/OneDrive/Escritorio/SEPmon/SEPmonxdnt/export/SEPmonxdnt/sw/SEPmonxdnt/standalone_domain/bspinclude/include -MMD -MP -MF"src/sdCard.d" -MT"src/sdCard.o" -o "src/sdCard.o" "../src/sdCard.c"
000-'Finished building: ../src/sdCard.c'
000-' '
000-'Building target: SEPmonlol.elf'
000-'Invoking: ARM v7 gcc linker'
000-arm-none-eabi-gcc -mcpu=cortex-a9 -mfpu=vfpv3 -mfloat-abi=hard -Wl,-build-id=none -specs=Xilinx.spec -Wl,-T -Wl,../src/lscript.ld -LC:/Users/gusta/OneDrive/Escritorio/SEPmon/SEPmonxdnt/export/SEPmonxdnt/sw/SEPmonxdnt/standalone_domain/bsplib/lib -o "SEPmonlol.elf"  ./src/ADC.o ./src/Delay.o ./src/I2C.o ./src/LCD_Driver.o ./src/LCD_GUI.o ./src/LCD_SPI.o ./src/font12.o ./src/font16.o ./src/font20.o ./src/font24.o ./src/font8.o ./src/main.o ./src/platform.o ./src/sdCard.o   -Wl,--start-group,-lxil,-lgcc,-lc,--end-group -Wl,--start-group,-lxilffs,-lxil,-lgcc,-lc,--end-group
000-'Finished building target: SEPmonlol.elf'
000-' '
000-'Invoking: ARM v7 Print Size'
000-arm-none-eabi-size SEPmonlol.elf  |tee "SEPmonlol.elf.size"
000-   text	   data	    bss	    dec	    hex	filename
000- 545936	  18232	  26720	 590888	  90428	SEPmonlol.elf
000-'Finished building: SEPmonlol.elf.size'
000-' '
00255-
19:01:35 Build Finished (took 1s.598ms)

