05:23:54 **** Incremental Build of configuration Debug for project SEPmonlol ****
make all 
make --no-print-directory pre-build
a9-linaro-pre-build-step
' '
make --no-print-directory main-build
'Building file: ../src/I2C.c'
'Invoking: ARM v7 gcc compiler'
arm-none-eabi-gcc -Wall -O0 -g3 -c -fmessage-length=0 -MT"src/I2C.o" -mcpu=cortex-a9 -mfpu=vfpv3 -mfloat-abi=hard -IC:/Users/gusta/OneDrive/Escritorio/SEPmon/SEPmonxdnt/export/SEPmonxdnt/sw/SEPmonxdnt/standalone_domain/bspinclude/include -MMD -MP -MF"src/I2C.d" -MT"src/I2C.o" -o "src/I2C.o" "../src/I2C.c"
'Finished building: ../src/I2C.c'
' '
'Building target: SEPmonlol.elf'
'Invoking: ARM v7 gcc linker'
arm-none-eabi-gcc -mcpu=cortex-a9 -mfpu=vfpv3 -mfloat-abi=hard -Wl,-build-id=none -specs=Xilinx.spec -Wl,-T -Wl,../src/lscript.ld -LC:/Users/gusta/OneDrive/Escritorio/SEPmon/SEPmonxdnt/export/SEPmonxdnt/sw/SEPmonxdnt/standalone_domain/bsplib/lib -o "SEPmonlol.elf"  ./src/ADC.o ./src/Delay.o ./src/I2C.o ./src/LCD_Driver.o ./src/LCD_GUI.o ./src/LCD_SPI.o ./src/font12.o ./src/font16.o ./src/font20.o ./src/font24.o ./src/font8.o ./src/main.o ./src/platform.o   -Wl,--start-group,-lxil,-lgcc,-lc,--end-group
'Finished building target: SEPmonlol.elf'
' '
'Invoking: ARM v7 Print Size'
arm-none-eabi-size SEPmonlol.elf  |tee "SEPmonlol.elf.size"
   text	   data	    bss	    dec	    hex	filename
 515182	  17990	  23152	 556324	  87d24	SEPmonlol.elf
'Finished building: SEPmonlol.elf.size'
' '

05:23:55 Build Finished (took 1s.126ms)

