#-----------------------------------------------------------
# Vivado v2020.1 (64-bit)
# SW Build 2902540 on Wed May 27 19:54:49 MDT 2020
# IP Build 2902112 on Wed May 27 22:43:36 MDT 2020
# Start of session at: Mon Jul  8 03:48:54 2024
# Process ID: 2016
# Current directory: C:/Users/gusta/OneDrive/Escritorio/SEPmon
# Command line: vivado.exe -gui_launcher_event rodinguilauncherevent13176 C:\Users\gusta\OneDrive\Escritorio\SEPmon\SEPmon.xpr
# Log file: C:/Users/gusta/OneDrive/Escritorio/SEPmon/vivado.log
# Journal file: C:/Users/gusta/OneDrive/Escritorio/SEPmon\vivado.jou
#-----------------------------------------------------------
start_gui
open_project C:/Users/gusta/OneDrive/Escritorio/SEPmon/SEPmon.xpr
INFO: [Project 1-313] Project file moved from 'C:/Users/gusta/Documents/SEP_projects/HW_SW/SEPmonG3/SEPmon' since last save.
CRITICAL WARNING: [Project 1-311] Could not find the file 'C:/Users/gusta/OneDrive/Escritorio/SEPmonG3V3_SW/Debug/SEPmonG3V3_SW.elf', nor could it be found using path 'C:/Users/gusta/Documents/SEP_projects/HW_SW/SEPmonG3/SEPmonG3V3_SW/Debug/SEPmonG3V3_SW.elf'.
Scanning sources...
Finished scanning sources
INFO: [filemgmt 56-1] IP Repository Path: Directory not found as 'C:/Users/gusta/OneDrive/Escritorio/ip_repo/DigitalPeripherals_1.0'; using path 'C:/Users/gusta/Documents/SEP_projects/HW_SW/SEPmonG3/ip_repo/DigitalPeripherals_1.0' instead.
INFO: [filemgmt 56-1] IP Repository Path: Directory not found as 'C:/Users/gusta/OneDrive/Debouncer'; using path 'C:/Users/gusta/Documents/SEP_projects/HW_SW/Debouncer' instead.
WARNING: [filemgmt 56-2] IP Repository Path: Could not find the directory 'C:/Users/gusta/OneDrive/SEP/Proyecto_Base_Booster_v2/DEMODEFINITIVA/ip_repo/BUZZER_1.0', nor could it be found using path 'C:/Users/gusta/Documents/SEP_projects/HW_SW/SEP/Proyecto_Base_Booster_v2/DEMODEFINITIVA/ip_repo/BUZZER_1.0'.
INFO: [filemgmt 56-1] IP Repository Path: Directory not found as 'C:/OneDrive/Documents/universidad/4to/1r/SEP/Proyectos/pr2'; using path 'C:/Users/gusta/OneDrive/Documents/universidad/4to/1r/SEP/Proyectos/pr2' instead.
WARNING: [filemgmt 56-2] IP Repository Path: Could not find the directory 'C:/Users/gusta/OneDrive/SEP/Proyecto_Base_Booster_v2/DEMODEFINITIVA/ip_repo/My_PWM_1.0', nor could it be found using path 'C:/Users/gusta/Documents/SEP_projects/HW_SW/SEP/Proyecto_Base_Booster_v2/DEMODEFINITIVA/ip_repo/My_PWM_1.0'.
INFO: [IP_Flow 19-234] Refreshing IP repositories
INFO: [IP_Flow 19-1700] Loaded user IP repository 'c:/Users/gusta/Documents/SEP_projects/HW_SW/SEPmonG3/ip_repo/DigitalPeripherals_1.0'.
INFO: [IP_Flow 19-1700] Loaded user IP repository 'c:/Users/gusta/Documents/SEP_projects/HW_SW/Debouncer'.
WARNING: [IP_Flow 19-2248] Failed to load user IP repository 'c:/Users/gusta/OneDrive/SEP/Proyecto_Base_Booster_v2/DEMODEFINITIVA/ip_repo/BUZZER_1.0'; Can't find the specified path.
If this directory should no longer be in your list of user repositories, go to the IP Settings dialog and remove it.
CRITICAL WARNING: [IP_Flow 19-4648] Error loading IP definition Reproductor_v1_0 (xilinx.com:user:Reproductor:1.0): This component is not valid; it has a subcoreRef defined to be the same as its parent.
INFO: [IP_Flow 19-1700] Loaded user IP repository 'c:/Users/gusta/OneDrive/Documents/universidad/4to/1r/SEP/Proyectos/pr2'.
WARNING: [IP_Flow 19-2248] Failed to load user IP repository 'c:/Users/gusta/OneDrive/SEP/Proyecto_Base_Booster_v2/DEMODEFINITIVA/ip_repo/My_PWM_1.0'; Can't find the specified path.
If this directory should no longer be in your list of user repositories, go to the IP Settings dialog and remove it.
INFO: [IP_Flow 19-2313] Loaded Vivado IP repository 'C:/Xilinx/Vivado/2020.1/data/ip'.
WARNING: [IP_Flow 19-1663] Duplicate IP found for 'xilinx.com:user:DigitalPeripherals:1.0'. The one found in IP location 'c:/Users/gusta/Documents/SEP_projects/HW_SW/SEPmonG3/ip_repo/DigitalPeripherals_1.0' will take precedence over the same IP in location c:/Users/gusta/OneDrive/Documents/universidad/4to/1r/SEP/Proyectos/pr2/SEPmonG3/ip_repo/DigitalPeripherals_1.0
WARNING: [IP_Flow 19-1663] Duplicate IP found for 'xilinx.com:user:Reproductor:1.0'. The one found in IP location 'c:/Users/gusta/OneDrive/Documents/universidad/4to/1r/SEP/Proyectos/pr2/Musica/Musica.srcs' will take precedence over the same IP in location c:/Users/gusta/OneDrive/Documents/universidad/4to/1r/SEP/Proyectos/pr2/Musica/Musica.srcs/sources_1/new
WARNING: [IP_Flow 19-1663] Duplicate IP found for 'xilinx.com:module_ref:BUZZER:1.0'. The one found in IP location 'c:/Users/gusta/OneDrive/Documents/universidad/4to/1r/SEP/Proyectos/pr2/SEPmonG3/SEPmon/SEPmon.srcs/sources_1/bd/mref/BUZZER' will take precedence over the same IP in location c:/Users/gusta/OneDrive/Escritorio/SEPmon/SEPmon.srcs/sources_1/bd/mref/BUZZER
open_project: Time (s): cpu = 00:00:22 ; elapsed = 00:00:26 . Memory (MB): peak = 1048.699 ; gain = 0.000
update_compile_order -fileset sources_1
open_bd_design {C:/Users/gusta/OneDrive/Escritorio/SEPmon/SEPmon.srcs/sources_1/bd/DEMO/DEMO.bd}
Adding component instance block -- xilinx.com:ip:axi_interconnect:2.1 - ps7_0_axi_periph
Adding component instance block -- xilinx.com:ip:axi_crossbar:2.1 - xbar
Adding component instance block -- xilinx.com:ip:axi_protocol_converter:2.1 - auto_pc
Adding component instance block -- xilinx.com:ip:axi_timer:2.0 - axi_timer_0
Adding component instance block -- xilinx.com:ip:axi_timer:2.0 - axi_timer_1
Adding component instance block -- xilinx.com:ip:xlconcat:2.1 - xlconcat_0
Adding component instance block -- xilinx.com:ip:vio:3.0 - vio_0
Adding component instance block -- xilinx.com:ip:ila:6.2 - ila_0
INFO: [xilinx.com:ip:ila:6.2-6] /ila_0: Xilinx recommends using the System ILA IP in IP Integrator. The System ILA IP is functionally equivalent to an ILA and offers additional benefits in debugging interfaces both within IP Integrator and the Hardware Manager. Consult the Programming and Debug User Guide UG908 for further details.
Adding component instance block -- xilinx.com:ip:axi_timer:2.0 - axi_timer_2
Adding component instance block -- xilinx.com:ip:axi_gpio:2.0 - axi_gpio_0
Adding component instance block -- xilinx.com:ip:axi_iic:2.0 - axi_iic_0
Adding component instance block -- xilinx.com:ip:axi_quad_spi:3.2 - axi_quad_spi_0
Adding component instance block -- xilinx.com:ip:axi_quad_spi:3.2 - axi_quad_spi_1
Adding component instance block -- xilinx.com:ip:processing_system7:5.5 - processing_system7_0
WARNING: [BD 41-176] The physical port 'S_AXI_GP2_rd_socket' specified in the portmap, is not found on the block! 
WARNING: [BD 41-176] The physical port 'S_AXI_GP2_wr_socket' specified in the portmap, is not found on the block! 
WARNING: [BD 41-176] The physical port 'S_AXI_GP3_rd_socket' specified in the portmap, is not found on the block! 
WARNING: [BD 41-176] The physical port 'S_AXI_GP3_wr_socket' specified in the portmap, is not found on the block! 
Adding component instance block -- xilinx.com:ip:proc_sys_reset:5.0 - rst_ps7_0_50M
Adding component instance block -- xilinx.com:user:Debouncing_Button_VHDL:1.0 - Debouncing_Button_VH_0
Adding component instance block -- xilinx.com:user:ReproductorAXI:1.0 - ReproductorAXI_0
Adding component instance block -- xilinx.com:ip:axi_gpio:2.0 - axi_gpio_1
WARNING: [BD 41-1731] Type mismatch between connected pins: /clk(clk) and /axi_timer_2/freeze(undef)
Successfully read diagram <DEMO> from BD file <C:/Users/gusta/OneDrive/Escritorio/SEPmon/SEPmon.srcs/sources_1/bd/DEMO/DEMO.bd>
open_bd_design: Time (s): cpu = 00:00:09 ; elapsed = 00:00:10 . Memory (MB): peak = 1311.496 ; gain = 6.031
export_ip_user_files -of_objects  [get_files C:/Users/gusta/OneDrive/Escritorio/SEPmonG3V3_SW/Debug/SEPmonG3V3_SW.elf] -no_script -reset -force -quiet
remove_files  C:/Users/gusta/OneDrive/Escritorio/SEPmonG3V3_SW/Debug/SEPmonG3V3_SW.elf
delete_bd_objs [get_bd_intf_nets ps7_0_axi_periph_M04_AXI] [get_bd_intf_nets axi_gpio_1_GPIO] [get_bd_nets axi_gpio_1_ip2intc_irpt] [get_bd_cells axi_gpio_1]
delete_bd_objs [get_bd_intf_ports LuzIRQ]
delete_bd_objs [get_bd_nets axi_timer_1_interrupt]
delete_bd_objs [get_bd_nets axi_timer_2_interrupt]
delete_bd_objs [get_bd_nets axi_timer_0_interrupt]
connect_bd_net [get_bd_pins axi_timer_2/interrupt] [get_bd_pins xlconcat_0/In4]
delete_bd_objs [get_bd_nets axi_timer_2_interrupt]
undo
INFO: [Common 17-17] undo 'delete_bd_objs [get_bd_nets axi_timer_2_interrupt]'
connect_bd_net [get_bd_pins axi_timer_1/interrupt] [get_bd_pins xlconcat_0/In3]
delete_bd_objs [get_bd_nets axi_timer_1_interrupt]
undo
INFO: [Common 17-17] undo 'delete_bd_objs [get_bd_nets axi_timer_1_interrupt]'
startgroup
make_bd_pins_external  [get_bd_pins xlconcat_0/In0]
endgroup
set_property name In0 [get_bd_ports In0_0]
connect_bd_net [get_bd_pins axi_timer_0/interrupt] [get_bd_pins xlconcat_0/In2]
delete_bd_objs [get_bd_nets axi_timer_0_interrupt]
undo
INFO: [Common 17-17] undo 'delete_bd_objs [get_bd_nets axi_timer_0_interrupt]'
save_bd_design
Wrote  : <C:\Users\gusta\OneDrive\Escritorio\SEPmon\SEPmon.srcs\sources_1\bd\DEMO\DEMO.bd> 
Wrote  : <C:/Users/gusta/OneDrive/Escritorio/SEPmon/SEPmon.srcs/sources_1/bd/DEMO/ui/bd_58220e03.ui> 
validate_bd_design
INFO: [xilinx.com:ip:axi_quad_spi:3.2-1] /axi_quad_spi_1 
                   #######################################################################################
                   INFO: AXI Quad SPI core's AXI Lite Clock and EXT SPI CLK are synchronous to each other.
                   ########################################################################################
INFO: [xilinx.com:ip:axi_quad_spi:3.2-1] /axi_quad_spi_0 
                   #######################################################################################
                   INFO: AXI Quad SPI core's AXI Lite Clock and EXT SPI CLK are synchronous to each other.
                   ########################################################################################
validate_bd_design: Time (s): cpu = 00:00:22 ; elapsed = 00:00:24 . Memory (MB): peak = 1311.496 ; gain = 0.000
make_wrapper -files [get_files C:/Users/gusta/OneDrive/Escritorio/SEPmon/SEPmon.srcs/sources_1/bd/DEMO/DEMO.bd] -top
INFO: [BD 41-1662] The design 'DEMO.bd' is already validated. Therefore parameter propagation will not be re-run.
Wrote  : <C:\Users\gusta\OneDrive\Escritorio\SEPmon\SEPmon.srcs\sources_1\bd\DEMO\DEMO.bd> 
VHDL Output written to : C:/Users/gusta/OneDrive/Escritorio/SEPmon/SEPmon.srcs/sources_1/bd/DEMO/synth/DEMO.vhd
VHDL Output written to : C:/Users/gusta/OneDrive/Escritorio/SEPmon/SEPmon.srcs/sources_1/bd/DEMO/sim/DEMO.vhd
VHDL Output written to : C:/Users/gusta/OneDrive/Escritorio/SEPmon/SEPmon.srcs/sources_1/bd/DEMO/hdl/DEMO_wrapper.vhd
make_wrapper: Time (s): cpu = 00:00:04 ; elapsed = 00:00:11 . Memory (MB): peak = 1411.320 ; gain = 99.824
reset_run impl_2
WARNING: [Vivado 12-1017] Problems encountered:
1. Couldn't access process for termination

make_wrapper -files [get_files C:/Users/gusta/OneDrive/Escritorio/SEPmon/SEPmon.srcs/sources_1/bd/DEMO/DEMO.bd] -top
INFO: [BD 41-1662] The design 'DEMO.bd' is already validated. Therefore parameter propagation will not be re-run.
Wrote  : <C:\Users\gusta\OneDrive\Escritorio\SEPmon\SEPmon.srcs\sources_1\bd\DEMO\DEMO.bd> 
Wrote  : <C:/Users/gusta/OneDrive/Escritorio/SEPmon/SEPmon.srcs/sources_1/bd/DEMO/ui/bd_58220e03.ui> 
VHDL Output written to : C:/Users/gusta/OneDrive/Escritorio/SEPmon/SEPmon.srcs/sources_1/bd/DEMO/synth/DEMO.vhd
VHDL Output written to : C:/Users/gusta/OneDrive/Escritorio/SEPmon/SEPmon.srcs/sources_1/bd/DEMO/sim/DEMO.vhd
VHDL Output written to : C:/Users/gusta/OneDrive/Escritorio/SEPmon/SEPmon.srcs/sources_1/bd/DEMO/hdl/DEMO_wrapper.vhd
reset_run synth_1_copy_1
launch_runs impl_2 -to_step write_bitstream -jobs 4
INFO: [BD 41-1662] The design 'DEMO.bd' is already validated. Therefore parameter propagation will not be re-run.
Wrote  : <C:\Users\gusta\OneDrive\Escritorio\SEPmon\SEPmon.srcs\sources_1\bd\DEMO\DEMO.bd> 
Wrote  : <C:/Users/gusta/OneDrive/Escritorio/SEPmon/SEPmon.srcs/sources_1/bd/DEMO/ui/bd_58220e03.ui> 
VHDL Output written to : C:/Users/gusta/OneDrive/Escritorio/SEPmon/SEPmon.srcs/sources_1/bd/DEMO/synth/DEMO.vhd
VHDL Output written to : C:/Users/gusta/OneDrive/Escritorio/SEPmon/SEPmon.srcs/sources_1/bd/DEMO/sim/DEMO.vhd
VHDL Output written to : C:/Users/gusta/OneDrive/Escritorio/SEPmon/SEPmon.srcs/sources_1/bd/DEMO/hdl/DEMO_wrapper.vhd
INFO: [BD 41-1029] Generation completed for the IP Integrator block ps7_0_axi_periph/xbar .
WARNING: [IP_Flow 19-4994] Overwriting existing constraint file 'c:/Users/gusta/OneDrive/Escritorio/SEPmon/SEPmon.srcs/sources_1/bd/DEMO/ip/DEMO_auto_pc_0/DEMO_auto_pc_0_ooc.xdc'
INFO: [BD 41-1029] Generation completed for the IP Integrator block ps7_0_axi_periph/s00_couplers/auto_pc .
Exporting to file C:/Users/gusta/OneDrive/Escritorio/SEPmon/SEPmon.srcs/sources_1/bd/DEMO/hw_handoff/DEMO.hwh
Generated Block Design Tcl file C:/Users/gusta/OneDrive/Escritorio/SEPmon/SEPmon.srcs/sources_1/bd/DEMO/hw_handoff/DEMO_bd.tcl
Generated Hardware Definition File C:/Users/gusta/OneDrive/Escritorio/SEPmon/SEPmon.srcs/sources_1/bd/DEMO/synth/DEMO.hwdef
INFO: [IP_Flow 19-4993] Using cached IP synthesis design for IP DEMO_auto_pc_0, cache-ID = f0066fce20473567; cache size = 7.148 MB.
INFO: [IP_Flow 19-4993] Using cached IP synthesis design for IP DEMO_xbar_0, cache-ID = bbf68b7f35120d1b; cache size = 17.393 MB.
[Mon Jul  8 04:02:15 2024] Launched synth_1_copy_1...
Run output will be captured here: C:/Users/gusta/OneDrive/Escritorio/SEPmon/SEPmon.runs/synth_1_copy_1/runme.log
[Mon Jul  8 04:02:15 2024] Launched impl_2...
Run output will be captured here: C:/Users/gusta/OneDrive/Escritorio/SEPmon/SEPmon.runs/impl_2/runme.log
launch_runs: Time (s): cpu = 00:00:06 ; elapsed = 00:00:10 . Memory (MB): peak = 1435.672 ; gain = 6.938
reset_run impl_2
delete_bd_objs [get_bd_intf_nets processing_system7_0_FIXED_IO] [get_bd_intf_nets processing_system7_0_M_AXI_GP0] [get_bd_nets xlconcat_0_dout] [get_bd_nets processing_system7_0_FCLK_RESET0_N] [get_bd_intf_nets processing_system7_0_DDR] [get_bd_cells processing_system7_0]
startgroup
create_bd_cell -type ip -vlnv xilinx.com:ip:processing_system7:5.5 processing_system7_0
WARNING: [BD 41-176] The physical port 'S_AXI_GP2_rd_socket' specified in the portmap, is not found on the block! 
WARNING: [BD 41-176] The physical port 'S_AXI_GP2_wr_socket' specified in the portmap, is not found on the block! 
WARNING: [BD 41-176] The physical port 'S_AXI_GP3_rd_socket' specified in the portmap, is not found on the block! 
WARNING: [BD 41-176] The physical port 'S_AXI_GP3_wr_socket' specified in the portmap, is not found on the block! 
endgroup
delete_bd_objs [get_bd_intf_nets ps7_0_axi_periph_M01_AXI] [get_bd_intf_nets ps7_0_axi_periph_M03_AXI] [get_bd_intf_nets ps7_0_axi_periph_M05_AXI] [get_bd_intf_nets ps7_0_axi_periph_M06_AXI] [get_bd_intf_nets ps7_0_axi_periph_M00_AXI] [get_bd_intf_nets ps7_0_axi_periph_M02_AXI] [get_bd_intf_nets ps7_0_axi_periph_M08_AXI] [get_bd_cells ps7_0_axi_periph]
delete_bd_objs [get_bd_cells rst_ps7_0_50M]
apply_bd_automation -rule xilinx.com:bd_rule:processing_system7 -config {make_external "FIXED_IO, DDR" apply_board_preset "1" Master "Disable" Slave "Disable" }  [get_bd_cells processing_system7_0]
startgroup
apply_bd_automation -rule xilinx.com:bd_rule:axi4 -config { Clk_master {Auto} Clk_slave {Auto} Clk_xbar {Auto} Master {/processing_system7_0/M_AXI_GP0} Slave {/axi_gpio_0/S_AXI} ddr_seg {Auto} intc_ip {New AXI Interconnect} master_apm {0}}  [get_bd_intf_pins axi_gpio_0/S_AXI]
INFO: [Ipptcl 7-1463] No Compatible Board Interface found. Board Tab not created in customize GUI
INFO: [Ipptcl 7-1463] No Compatible Board Interface found. Board Tab not created in customize GUI
Slave segment '/axi_gpio_0/S_AXI/Reg' is being assigned into address space '/processing_system7_0/Data' at <0x4120_0000 [ 64K ]>.
apply_bd_automation -rule xilinx.com:bd_rule:axi4 -config { Clk_master {Auto} Clk_slave {Auto} Clk_xbar {Auto} Master {/processing_system7_0/M_AXI_GP0} Slave {/axi_iic_0/S_AXI} ddr_seg {Auto} intc_ip {New AXI Interconnect} master_apm {0}}  [get_bd_intf_pins axi_iic_0/S_AXI]
Slave segment '/axi_iic_0/S_AXI/Reg' is being assigned into address space '/processing_system7_0/Data' at <0x4160_0000 [ 64K ]>.
apply_bd_automation -rule xilinx.com:bd_rule:axi4 -config { Clk_master {Auto} Clk_slave {Auto} Clk_xbar {Auto} Master {/processing_system7_0/M_AXI_GP0} Slave {/axi_quad_spi_0/AXI_LITE} ddr_seg {Auto} intc_ip {New AXI Interconnect} master_apm {0}}  [get_bd_intf_pins axi_quad_spi_0/AXI_LITE]
Slave segment '/axi_quad_spi_0/AXI_LITE/Reg' is being assigned into address space '/processing_system7_0/Data' at <0x41E0_0000 [ 64K ]>.
apply_bd_automation -rule xilinx.com:bd_rule:axi4 -config { Clk_master {Auto} Clk_slave {Auto} Clk_xbar {Auto} Master {/processing_system7_0/M_AXI_GP0} Slave {/axi_quad_spi_1/AXI_LITE} ddr_seg {Auto} intc_ip {New AXI Interconnect} master_apm {0}}  [get_bd_intf_pins axi_quad_spi_1/AXI_LITE]
Slave segment '/axi_quad_spi_1/AXI_LITE/Reg' is being assigned into address space '/processing_system7_0/Data' at <0x41E1_0000 [ 64K ]>.
INFO: [BD 5-455] Automation on '/axi_quad_spi_1/ext_spi_clk' will not be run, since it is obsolete due to previously run automations
apply_bd_automation -rule xilinx.com:bd_rule:axi4 -config { Clk_master {Auto} Clk_slave {Auto} Clk_xbar {Auto} Master {/processing_system7_0/M_AXI_GP0} Slave {/axi_timer_0/S_AXI} ddr_seg {Auto} intc_ip {New AXI Interconnect} master_apm {0}}  [get_bd_intf_pins axi_timer_0/S_AXI]
Slave segment '/axi_timer_0/S_AXI/Reg' is being assigned into address space '/processing_system7_0/Data' at <0x4280_0000 [ 64K ]>.
apply_bd_automation -rule xilinx.com:bd_rule:axi4 -config { Clk_master {Auto} Clk_slave {Auto} Clk_xbar {Auto} Master {/processing_system7_0/M_AXI_GP0} Slave {/axi_timer_1/S_AXI} ddr_seg {Auto} intc_ip {New AXI Interconnect} master_apm {0}}  [get_bd_intf_pins axi_timer_1/S_AXI]
Slave segment '/axi_timer_1/S_AXI/Reg' is being assigned into address space '/processing_system7_0/Data' at <0x4281_0000 [ 64K ]>.
apply_bd_automation -rule xilinx.com:bd_rule:axi4 -config { Clk_master {Auto} Clk_slave {Auto} Clk_xbar {Auto} Master {/processing_system7_0/M_AXI_GP0} Slave {/axi_timer_2/S_AXI} ddr_seg {Auto} intc_ip {New AXI Interconnect} master_apm {0}}  [get_bd_intf_pins axi_timer_2/S_AXI]
Slave segment '/axi_timer_2/S_AXI/Reg' is being assigned into address space '/processing_system7_0/Data' at <0x4282_0000 [ 64K ]>.
INFO: [BD 5-455] Automation on '/ila_0/clk' will not be run, since it is obsolete due to previously run automations
apply_bd_automation -rule xilinx.com:bd_rule:axi4 -config { Clk_master {Auto} Clk_slave {Auto} Clk_xbar {Auto} Master {/processing_system7_0/M_AXI_GP0} Slave {/ReproductorAXI_0/S00_AXI} ddr_seg {Auto} intc_ip {New AXI Interconnect} master_apm {0}}  [get_bd_intf_pins ReproductorAXI_0/S00_AXI]
Slave segment '/ReproductorAXI_0/S00_AXI/S00_AXI_reg' is being assigned into address space '/processing_system7_0/Data' at <0x43C0_0000 [ 64K ]>.
INFO: [BD 5-455] Automation on '/ReproductorAXI_0/s00_axi_aclk' will not be run, since it is obsolete due to previously run automations
endgroup
regenerate_bd_layout
regenerate_bd_layout
regenerate_bd_layout -routing
regenerate_bd_layout
CRITICAL WARNING: [PSU-1]  Parameter : PCW_UIPARAM_DDR_DQS_TO_CLK_DELAY_0 has negative value -0.050 . PS DDR interfaces might fail when entering negative DQS skew values. 
CRITICAL WARNING: [PSU-2]  Parameter : PCW_UIPARAM_DDR_DQS_TO_CLK_DELAY_1 has negative value -0.044 . PS DDR interfaces might fail when entering negative DQS skew values. 
CRITICAL WARNING: [PSU-3]  Parameter : PCW_UIPARAM_DDR_DQS_TO_CLK_DELAY_2 has negative value -0.035 . PS DDR interfaces might fail when entering negative DQS skew values. 
CRITICAL WARNING: [PSU-4]  Parameter : PCW_UIPARAM_DDR_DQS_TO_CLK_DELAY_3 has negative value -0.100 . PS DDR interfaces might fail when entering negative DQS skew values. 
WARNING: [IP_Flow 19-474] Invalid Parameter 'Component_Name'
CRITICAL WARNING: [PSU-1]  Parameter : PCW_UIPARAM_DDR_DQS_TO_CLK_DELAY_0 has negative value -0.050 . PS DDR interfaces might fail when entering negative DQS skew values. 
CRITICAL WARNING: [PSU-2]  Parameter : PCW_UIPARAM_DDR_DQS_TO_CLK_DELAY_1 has negative value -0.044 . PS DDR interfaces might fail when entering negative DQS skew values. 
CRITICAL WARNING: [PSU-3]  Parameter : PCW_UIPARAM_DDR_DQS_TO_CLK_DELAY_2 has negative value -0.035 . PS DDR interfaces might fail when entering negative DQS skew values. 
CRITICAL WARNING: [PSU-4]  Parameter : PCW_UIPARAM_DDR_DQS_TO_CLK_DELAY_3 has negative value -0.100 . PS DDR interfaces might fail when entering negative DQS skew values. 
startgroup
set_property -dict [list CONFIG.PCW_FPGA0_PERIPHERAL_FREQMHZ {100}] [get_bd_cells processing_system7_0]
CRITICAL WARNING: [PSU-1]  Parameter : PCW_UIPARAM_DDR_DQS_TO_CLK_DELAY_0 has negative value -0.050 . PS DDR interfaces might fail when entering negative DQS skew values. 
CRITICAL WARNING: [PSU-2]  Parameter : PCW_UIPARAM_DDR_DQS_TO_CLK_DELAY_1 has negative value -0.044 . PS DDR interfaces might fail when entering negative DQS skew values. 
CRITICAL WARNING: [PSU-3]  Parameter : PCW_UIPARAM_DDR_DQS_TO_CLK_DELAY_2 has negative value -0.035 . PS DDR interfaces might fail when entering negative DQS skew values. 
CRITICAL WARNING: [PSU-4]  Parameter : PCW_UIPARAM_DDR_DQS_TO_CLK_DELAY_3 has negative value -0.100 . PS DDR interfaces might fail when entering negative DQS skew values. 
WARNING: [BD 41-176] The physical port 'S_AXI_GP2_rd_socket' specified in the portmap, is not found on the block! 
WARNING: [BD 41-176] The physical port 'S_AXI_GP2_wr_socket' specified in the portmap, is not found on the block! 
WARNING: [BD 41-176] The physical port 'S_AXI_GP3_rd_socket' specified in the portmap, is not found on the block! 
WARNING: [BD 41-176] The physical port 'S_AXI_GP3_wr_socket' specified in the portmap, is not found on the block! 
endgroup
CRITICAL WARNING: [PSU-1]  Parameter : PCW_UIPARAM_DDR_DQS_TO_CLK_DELAY_0 has negative value -0.050 . PS DDR interfaces might fail when entering negative DQS skew values. 
CRITICAL WARNING: [PSU-2]  Parameter : PCW_UIPARAM_DDR_DQS_TO_CLK_DELAY_1 has negative value -0.044 . PS DDR interfaces might fail when entering negative DQS skew values. 
CRITICAL WARNING: [PSU-3]  Parameter : PCW_UIPARAM_DDR_DQS_TO_CLK_DELAY_2 has negative value -0.035 . PS DDR interfaces might fail when entering negative DQS skew values. 
CRITICAL WARNING: [PSU-4]  Parameter : PCW_UIPARAM_DDR_DQS_TO_CLK_DELAY_3 has negative value -0.100 . PS DDR interfaces might fail when entering negative DQS skew values. 
WARNING: [IP_Flow 19-474] Invalid Parameter 'Component_Name'
startgroup
set_property -dict [list CONFIG.PCW_USE_FABRIC_INTERRUPT {1} CONFIG.PCW_IRQ_F2P_INTR {1}] [get_bd_cells processing_system7_0]
WARNING: [BD 41-176] The physical port 'S_AXI_GP2_rd_socket' specified in the portmap, is not found on the block! 
WARNING: [BD 41-176] The physical port 'S_AXI_GP2_wr_socket' specified in the portmap, is not found on the block! 
WARNING: [BD 41-176] The physical port 'S_AXI_GP3_rd_socket' specified in the portmap, is not found on the block! 
WARNING: [BD 41-176] The physical port 'S_AXI_GP3_wr_socket' specified in the portmap, is not found on the block! 
endgroup
connect_bd_net [get_bd_pins xlconcat_0/dout] [get_bd_pins processing_system7_0/IRQ_F2P]
apply_bd_automation -rule xilinx.com:bd_rule:board -config { Manual_Source {Auto}}  [get_bd_pins rst_clk_100M/ext_reset_in]
set_property location {1509 686} [get_bd_intf_ports DDR]
set_property location {1525 199} [get_bd_intf_ports DDR]
undo
INFO: [Common 17-17] undo 'set_property location {1525 199} [get_bd_intf_ports DDR]'
undo
INFO: [Common 17-17] undo 'set_property location {1509 686} [get_bd_intf_ports DDR]'
undo
INFO: [Common 17-17] undo 'apply_bd_automation -rule xilinx.com:bd_rule:board -config { Manual_Source {Auto}}  [get_bd_pins rst_clk_100M/ext_reset_in]'
undo
INFO: [Common 17-17] undo 'connect_bd_net [get_bd_pins xlconcat_0/dout] [get_bd_pins processing_system7_0/IRQ_F2P]'
undo
INFO: [Common 17-17] undo 'endgroup'
INFO: [Common 17-17] undo 'set_property -dict [list CONFIG.PCW_USE_FABRIC_INTERRUPT {1} CONFIG.PCW_IRQ_F2P_INTR {1}] [get_bd_cells processing_system7_0]'
WARNING: [BD 41-176] The physical port 'S_AXI_GP2_rd_socket' specified in the portmap, is not found on the block! 
WARNING: [BD 41-176] The physical port 'S_AXI_GP2_wr_socket' specified in the portmap, is not found on the block! 
WARNING: [BD 41-176] The physical port 'S_AXI_GP3_rd_socket' specified in the portmap, is not found on the block! 
WARNING: [BD 41-176] The physical port 'S_AXI_GP3_wr_socket' specified in the portmap, is not found on the block! 
INFO: [Common 17-17] undo 'startgroup'
undo
INFO: [Common 17-17] undo 'endgroup'
INFO: [Common 17-17] undo 'set_property -dict [list CONFIG.PCW_FPGA0_PERIPHERAL_FREQMHZ {100}] [get_bd_cells processing_system7_0]'
CRITICAL WARNING: [PSU-1]  Parameter : PCW_UIPARAM_DDR_DQS_TO_CLK_DELAY_0 has negative value -0.050 . PS DDR interfaces might fail when entering negative DQS skew values. 
CRITICAL WARNING: [PSU-2]  Parameter : PCW_UIPARAM_DDR_DQS_TO_CLK_DELAY_1 has negative value -0.044 . PS DDR interfaces might fail when entering negative DQS skew values. 
CRITICAL WARNING: [PSU-3]  Parameter : PCW_UIPARAM_DDR_DQS_TO_CLK_DELAY_2 has negative value -0.035 . PS DDR interfaces might fail when entering negative DQS skew values. 
CRITICAL WARNING: [PSU-4]  Parameter : PCW_UIPARAM_DDR_DQS_TO_CLK_DELAY_3 has negative value -0.100 . PS DDR interfaces might fail when entering negative DQS skew values. 
WARNING: [BD 41-176] The physical port 'S_AXI_GP2_rd_socket' specified in the portmap, is not found on the block! 
WARNING: [BD 41-176] The physical port 'S_AXI_GP2_wr_socket' specified in the portmap, is not found on the block! 
WARNING: [BD 41-176] The physical port 'S_AXI_GP3_rd_socket' specified in the portmap, is not found on the block! 
WARNING: [BD 41-176] The physical port 'S_AXI_GP3_wr_socket' specified in the portmap, is not found on the block! 
INFO: [Common 17-17] undo 'startgroup'
undo
INFO: [Common 17-17] undo 'regenerate_bd_layout'
undo
INFO: [Common 17-17] undo 'regenerate_bd_layout -routing'
undo
INFO: [Common 17-17] undo 'regenerate_bd_layout'
undo
INFO: [Common 17-17] undo 'regenerate_bd_layout'
undo
INFO: [Common 17-17] undo 'endgroup'
INFO: [Common 17-17] undo 'apply_bd_automation -rule xilinx.com:bd_rule:axi4 -config { Clk_master {Auto} Clk_slave {Auto} Clk_xbar {Auto} Master {/processing_system7_0/M_AXI_GP0} Slave {/ReproductorAXI_0/S00_AXI} ddr_seg {Auto} intc_ip {New AXI Interconnect} master_apm {0}}  [get_bd_intf_pins ReproductorAXI_0/S00_AXI]'
INFO: [Common 17-17] undo 'apply_bd_automation -rule xilinx.com:bd_rule:axi4 -config { Clk_master {Auto} Clk_slave {Auto} Clk_xbar {Auto} Master {/processing_system7_0/M_AXI_GP0} Slave {/axi_timer_2/S_AXI} ddr_seg {Auto} intc_ip {New AXI Interconnect} master_apm {0}}  [get_bd_intf_pins axi_timer_2/S_AXI]'
INFO: [Common 17-17] undo 'apply_bd_automation -rule xilinx.com:bd_rule:axi4 -config { Clk_master {Auto} Clk_slave {Auto} Clk_xbar {Auto} Master {/processing_system7_0/M_AXI_GP0} Slave {/axi_timer_1/S_AXI} ddr_seg {Auto} intc_ip {New AXI Interconnect} master_apm {0}}  [get_bd_intf_pins axi_timer_1/S_AXI]'
INFO: [Common 17-17] undo 'apply_bd_automation -rule xilinx.com:bd_rule:axi4 -config { Clk_master {Auto} Clk_slave {Auto} Clk_xbar {Auto} Master {/processing_system7_0/M_AXI_GP0} Slave {/axi_timer_0/S_AXI} ddr_seg {Auto} intc_ip {New AXI Interconnect} master_apm {0}}  [get_bd_intf_pins axi_timer_0/S_AXI]'
INFO: [Common 17-17] undo 'apply_bd_automation -rule xilinx.com:bd_rule:axi4 -config { Clk_master {Auto} Clk_slave {Auto} Clk_xbar {Auto} Master {/processing_system7_0/M_AXI_GP0} Slave {/axi_quad_spi_1/AXI_LITE} ddr_seg {Auto} intc_ip {New AXI Interconnect} master_apm {0}}  [get_bd_intf_pins axi_quad_spi_1/AXI_LITE]'
INFO: [Common 17-17] undo 'apply_bd_automation -rule xilinx.com:bd_rule:axi4 -config { Clk_master {Auto} Clk_slave {Auto} Clk_xbar {Auto} Master {/processing_system7_0/M_AXI_GP0} Slave {/axi_quad_spi_0/AXI_LITE} ddr_seg {Auto} intc_ip {New AXI Interconnect} master_apm {0}}  [get_bd_intf_pins axi_quad_spi_0/AXI_LITE]'
INFO: [Common 17-17] undo 'apply_bd_automation -rule xilinx.com:bd_rule:axi4 -config { Clk_master {Auto} Clk_slave {Auto} Clk_xbar {Auto} Master {/processing_system7_0/M_AXI_GP0} Slave {/axi_iic_0/S_AXI} ddr_seg {Auto} intc_ip {New AXI Interconnect} master_apm {0}}  [get_bd_intf_pins axi_iic_0/S_AXI]'
INFO: [Common 17-17] undo 'apply_bd_automation -rule xilinx.com:bd_rule:axi4 -config { Clk_master {Auto} Clk_slave {Auto} Clk_xbar {Auto} Master {/processing_system7_0/M_AXI_GP0} Slave {/axi_gpio_0/S_AXI} ddr_seg {Auto} intc_ip {New AXI Interconnect} master_apm {0}}  [get_bd_intf_pins axi_gpio_0/S_AXI]'
INFO: [Common 17-17] undo 'startgroup'
undo
INFO: [Common 17-17] undo 'apply_bd_automation -rule xilinx.com:bd_rule:processing_system7 -config {make_external "FIXED_IO, DDR" apply_board_preset "1" Master "Disable" Slave "Disable" }  [get_bd_cells processing_system7_0]'
CRITICAL WARNING: [PSU-1]  Parameter : PCW_UIPARAM_DDR_DQS_TO_CLK_DELAY_0 has negative value -0.050 . PS DDR interfaces might fail when entering negative DQS skew values. 
CRITICAL WARNING: [PSU-2]  Parameter : PCW_UIPARAM_DDR_DQS_TO_CLK_DELAY_1 has negative value -0.044 . PS DDR interfaces might fail when entering negative DQS skew values. 
CRITICAL WARNING: [PSU-3]  Parameter : PCW_UIPARAM_DDR_DQS_TO_CLK_DELAY_2 has negative value -0.035 . PS DDR interfaces might fail when entering negative DQS skew values. 
CRITICAL WARNING: [PSU-4]  Parameter : PCW_UIPARAM_DDR_DQS_TO_CLK_DELAY_3 has negative value -0.100 . PS DDR interfaces might fail when entering negative DQS skew values. 
WARNING: [BD 41-176] The physical port 'S_AXI_GP2_rd_socket' specified in the portmap, is not found on the block! 
WARNING: [BD 41-176] The physical port 'S_AXI_GP2_wr_socket' specified in the portmap, is not found on the block! 
WARNING: [BD 41-176] The physical port 'S_AXI_GP3_rd_socket' specified in the portmap, is not found on the block! 
WARNING: [BD 41-176] The physical port 'S_AXI_GP3_wr_socket' specified in the portmap, is not found on the block! 
undo
INFO: [Common 17-17] undo 'delete_bd_objs [get_bd_cells rst_ps7_0_50M]'
undo
INFO: [Common 17-17] undo 'delete_bd_objs [get_bd_intf_nets ps7_0_axi_periph_M01_AXI] [get_bd_intf_nets ps7_0_axi_periph_M03_AXI] [get_bd_intf_nets ps7_0_axi_periph_M05_AXI] [get_bd_intf_nets ps7_0_axi_periph_M06_AXI] [get_bd_intf_nets ps7_0_axi_periph_M00_AXI] [get_bd_intf_nets ps7_0_axi_periph_M02_AXI] [get_bd_intf_nets ps7_0_axi_periph_M08_AXI] [get_bd_cells ps7_0_axi_periph]'
undo
INFO: [Common 17-17] undo 'endgroup'
INFO: [Common 17-17] undo 'create_bd_cell -type ip -vlnv xilinx.com:ip:processing_system7:5.5 processing_system7_0'
INFO: [Common 17-17] undo 'startgroup'
undo
INFO: [Common 17-17] undo 'delete_bd_objs [get_bd_intf_nets processing_system7_0_FIXED_IO] [get_bd_intf_nets processing_system7_0_M_AXI_GP0] [get_bd_nets xlconcat_0_dout] [get_bd_nets processing_system7_0_FCLK_RESET0_N] [get_bd_intf_nets processing_system7_0_DDR] [get_bd_cells processing_system7_0]'
regenerate_bd_layout
delete_bd_objs [get_bd_intf_nets processing_system7_0_FIXED_IO] [get_bd_intf_nets processing_system7_0_M_AXI_GP0] [get_bd_nets xlconcat_0_dout] [get_bd_nets processing_system7_0_FCLK_RESET0_N] [get_bd_intf_nets processing_system7_0_DDR] [get_bd_cells processing_system7_0]
undo
INFO: [Common 17-17] undo 'delete_bd_objs [get_bd_intf_nets processing_system7_0_FIXED_IO] [get_bd_intf_nets processing_system7_0_M_AXI_GP0] [get_bd_nets xlconcat_0_dout] [get_bd_nets processing_system7_0_FCLK_RESET0_N] [get_bd_intf_nets processing_system7_0_DDR] [get_bd_cells processing_system7_0]'
delete_bd_objs [get_bd_intf_nets processing_system7_0_FIXED_IO] [get_bd_intf_nets processing_system7_0_M_AXI_GP0] [get_bd_nets xlconcat_0_dout] [get_bd_nets processing_system7_0_FCLK_RESET0_N] [get_bd_intf_nets processing_system7_0_DDR] [get_bd_cells processing_system7_0]
delete_bd_objs [get_bd_intf_nets ps7_0_axi_periph_M01_AXI] [get_bd_intf_nets ps7_0_axi_periph_M03_AXI] [get_bd_intf_nets ps7_0_axi_periph_M05_AXI] [get_bd_intf_nets ps7_0_axi_periph_M06_AXI] [get_bd_intf_nets ps7_0_axi_periph_M00_AXI] [get_bd_intf_nets ps7_0_axi_periph_M02_AXI] [get_bd_intf_nets ps7_0_axi_periph_M08_AXI] [get_bd_cells ps7_0_axi_periph]
startgroup
create_bd_cell -type ip -vlnv xilinx.com:ip:processing_system7:5.5 processing_system7_0
WARNING: [BD 41-176] The physical port 'S_AXI_GP2_rd_socket' specified in the portmap, is not found on the block! 
WARNING: [BD 41-176] The physical port 'S_AXI_GP2_wr_socket' specified in the portmap, is not found on the block! 
WARNING: [BD 41-176] The physical port 'S_AXI_GP3_rd_socket' specified in the portmap, is not found on the block! 
WARNING: [BD 41-176] The physical port 'S_AXI_GP3_wr_socket' specified in the portmap, is not found on the block! 
endgroup
set_property location {4.5 1191 670} [get_bd_cells processing_system7_0]
apply_bd_automation -rule xilinx.com:bd_rule:processing_system7 -config {make_external "FIXED_IO, DDR" apply_board_preset "1" Master "Disable" Slave "Disable" }  [get_bd_cells processing_system7_0]
undo
INFO: [Common 17-17] undo 'apply_bd_automation -rule xilinx.com:bd_rule:processing_system7 -config {make_external "FIXED_IO, DDR" apply_board_preset "1" Master "Disable" Slave "Disable" }  [get_bd_cells processing_system7_0]'
CRITICAL WARNING: [PSU-1]  Parameter : PCW_UIPARAM_DDR_DQS_TO_CLK_DELAY_0 has negative value -0.050 . PS DDR interfaces might fail when entering negative DQS skew values. 
CRITICAL WARNING: [PSU-2]  Parameter : PCW_UIPARAM_DDR_DQS_TO_CLK_DELAY_1 has negative value -0.044 . PS DDR interfaces might fail when entering negative DQS skew values. 
CRITICAL WARNING: [PSU-3]  Parameter : PCW_UIPARAM_DDR_DQS_TO_CLK_DELAY_2 has negative value -0.035 . PS DDR interfaces might fail when entering negative DQS skew values. 
CRITICAL WARNING: [PSU-4]  Parameter : PCW_UIPARAM_DDR_DQS_TO_CLK_DELAY_3 has negative value -0.100 . PS DDR interfaces might fail when entering negative DQS skew values. 
WARNING: [BD 41-176] The physical port 'S_AXI_GP2_rd_socket' specified in the portmap, is not found on the block! 
WARNING: [BD 41-176] The physical port 'S_AXI_GP2_wr_socket' specified in the portmap, is not found on the block! 
WARNING: [BD 41-176] The physical port 'S_AXI_GP3_rd_socket' specified in the portmap, is not found on the block! 
WARNING: [BD 41-176] The physical port 'S_AXI_GP3_wr_socket' specified in the portmap, is not found on the block! 
delete_bd_objs [get_bd_intf_ports DDR]
delete_bd_objs [get_bd_intf_ports FIXED_IO]
apply_bd_automation -rule xilinx.com:bd_rule:processing_system7 -config {make_external "FIXED_IO, DDR" apply_board_preset "1" Master "Disable" Slave "Disable" }  [get_bd_cells processing_system7_0]
startgroup
apply_bd_automation -rule xilinx.com:bd_rule:axi4 -config { Clk_master {Auto} Clk_slave {Auto} Clk_xbar {Auto} Master {/processing_system7_0/M_AXI_GP0} Slave {/axi_gpio_0/S_AXI} ddr_seg {Auto} intc_ip {New AXI Interconnect} master_apm {0}}  [get_bd_intf_pins axi_gpio_0/S_AXI]
INFO: [Ipptcl 7-1463] No Compatible Board Interface found. Board Tab not created in customize GUI
Slave segment '/axi_gpio_0/S_AXI/Reg' is being assigned into address space '/processing_system7_0/Data' at <0x4120_0000 [ 64K ]>.
apply_bd_automation -rule xilinx.com:bd_rule:axi4 -config { Clk_master {Auto} Clk_slave {Auto} Clk_xbar {Auto} Master {/processing_system7_0/M_AXI_GP0} Slave {/axi_iic_0/S_AXI} ddr_seg {Auto} intc_ip {New AXI Interconnect} master_apm {0}}  [get_bd_intf_pins axi_iic_0/S_AXI]
Slave segment '/axi_iic_0/S_AXI/Reg' is being assigned into address space '/processing_system7_0/Data' at <0x4160_0000 [ 64K ]>.
apply_bd_automation -rule xilinx.com:bd_rule:axi4 -config { Clk_master {Auto} Clk_slave {Auto} Clk_xbar {Auto} Master {/processing_system7_0/M_AXI_GP0} Slave {/axi_quad_spi_0/AXI_LITE} ddr_seg {Auto} intc_ip {New AXI Interconnect} master_apm {0}}  [get_bd_intf_pins axi_quad_spi_0/AXI_LITE]
Slave segment '/axi_quad_spi_0/AXI_LITE/Reg' is being assigned into address space '/processing_system7_0/Data' at <0x41E0_0000 [ 64K ]>.
apply_bd_automation -rule xilinx.com:bd_rule:axi4 -config { Clk_master {Auto} Clk_slave {Auto} Clk_xbar {Auto} Master {/processing_system7_0/M_AXI_GP0} Slave {/axi_quad_spi_1/AXI_LITE} ddr_seg {Auto} intc_ip {New AXI Interconnect} master_apm {0}}  [get_bd_intf_pins axi_quad_spi_1/AXI_LITE]
Slave segment '/axi_quad_spi_1/AXI_LITE/Reg' is being assigned into address space '/processing_system7_0/Data' at <0x41E1_0000 [ 64K ]>.
INFO: [BD 5-455] Automation on '/axi_quad_spi_1/ext_spi_clk' will not be run, since it is obsolete due to previously run automations
apply_bd_automation -rule xilinx.com:bd_rule:axi4 -config { Clk_master {Auto} Clk_slave {Auto} Clk_xbar {Auto} Master {/processing_system7_0/M_AXI_GP0} Slave {/axi_timer_0/S_AXI} ddr_seg {Auto} intc_ip {New AXI Interconnect} master_apm {0}}  [get_bd_intf_pins axi_timer_0/S_AXI]
Slave segment '/axi_timer_0/S_AXI/Reg' is being assigned into address space '/processing_system7_0/Data' at <0x4280_0000 [ 64K ]>.
apply_bd_automation -rule xilinx.com:bd_rule:axi4 -config { Clk_master {Auto} Clk_slave {Auto} Clk_xbar {Auto} Master {/processing_system7_0/M_AXI_GP0} Slave {/axi_timer_1/S_AXI} ddr_seg {Auto} intc_ip {New AXI Interconnect} master_apm {0}}  [get_bd_intf_pins axi_timer_1/S_AXI]
Slave segment '/axi_timer_1/S_AXI/Reg' is being assigned into address space '/processing_system7_0/Data' at <0x4281_0000 [ 64K ]>.
apply_bd_automation -rule xilinx.com:bd_rule:axi4 -config { Clk_master {Auto} Clk_slave {Auto} Clk_xbar {Auto} Master {/processing_system7_0/M_AXI_GP0} Slave {/axi_timer_2/S_AXI} ddr_seg {Auto} intc_ip {New AXI Interconnect} master_apm {0}}  [get_bd_intf_pins axi_timer_2/S_AXI]
Slave segment '/axi_timer_2/S_AXI/Reg' is being assigned into address space '/processing_system7_0/Data' at <0x4282_0000 [ 64K ]>.
INFO: [BD 5-455] Automation on '/ila_0/clk' will not be run, since it is obsolete due to previously run automations
apply_bd_automation -rule xilinx.com:bd_rule:axi4 -config { Clk_master {Auto} Clk_slave {Auto} Clk_xbar {Auto} Master {/processing_system7_0/M_AXI_GP0} Slave {/ReproductorAXI_0/S00_AXI} ddr_seg {Auto} intc_ip {New AXI Interconnect} master_apm {0}}  [get_bd_intf_pins ReproductorAXI_0/S00_AXI]
Slave segment '/ReproductorAXI_0/S00_AXI/S00_AXI_reg' is being assigned into address space '/processing_system7_0/Data' at <0x43C0_0000 [ 64K ]>.
INFO: [BD 5-455] Automation on '/ReproductorAXI_0/s00_axi_aclk' will not be run, since it is obsolete due to previously run automations
apply_bd_automation -rule xilinx.com:bd_rule:board -config { Manual_Source {Auto}}  [get_bd_pins rst_ps7_0_50M/ext_reset_in]
INFO: [BD 5-455] Automation on '/rst_ps7_0_50M/slowest_sync_clk' will not be run, since it is obsolete due to previously run automations
endgroup
regenerate_bd_layout
CRITICAL WARNING: [PSU-1]  Parameter : PCW_UIPARAM_DDR_DQS_TO_CLK_DELAY_0 has negative value -0.050 . PS DDR interfaces might fail when entering negative DQS skew values. 
CRITICAL WARNING: [PSU-2]  Parameter : PCW_UIPARAM_DDR_DQS_TO_CLK_DELAY_1 has negative value -0.044 . PS DDR interfaces might fail when entering negative DQS skew values. 
CRITICAL WARNING: [PSU-3]  Parameter : PCW_UIPARAM_DDR_DQS_TO_CLK_DELAY_2 has negative value -0.035 . PS DDR interfaces might fail when entering negative DQS skew values. 
CRITICAL WARNING: [PSU-4]  Parameter : PCW_UIPARAM_DDR_DQS_TO_CLK_DELAY_3 has negative value -0.100 . PS DDR interfaces might fail when entering negative DQS skew values. 
WARNING: [IP_Flow 19-474] Invalid Parameter 'Component_Name'
CRITICAL WARNING: [PSU-1]  Parameter : PCW_UIPARAM_DDR_DQS_TO_CLK_DELAY_0 has negative value -0.050 . PS DDR interfaces might fail when entering negative DQS skew values. 
CRITICAL WARNING: [PSU-2]  Parameter : PCW_UIPARAM_DDR_DQS_TO_CLK_DELAY_1 has negative value -0.044 . PS DDR interfaces might fail when entering negative DQS skew values. 
CRITICAL WARNING: [PSU-3]  Parameter : PCW_UIPARAM_DDR_DQS_TO_CLK_DELAY_2 has negative value -0.035 . PS DDR interfaces might fail when entering negative DQS skew values. 
CRITICAL WARNING: [PSU-4]  Parameter : PCW_UIPARAM_DDR_DQS_TO_CLK_DELAY_3 has negative value -0.100 . PS DDR interfaces might fail when entering negative DQS skew values. 
startgroup
set_property -dict [list CONFIG.PCW_FPGA0_PERIPHERAL_FREQMHZ {100} CONFIG.PCW_USE_FABRIC_INTERRUPT {1} CONFIG.PCW_IRQ_F2P_INTR {1}] [get_bd_cells processing_system7_0]
CRITICAL WARNING: [PSU-1]  Parameter : PCW_UIPARAM_DDR_DQS_TO_CLK_DELAY_0 has negative value -0.050 . PS DDR interfaces might fail when entering negative DQS skew values. 
CRITICAL WARNING: [PSU-2]  Parameter : PCW_UIPARAM_DDR_DQS_TO_CLK_DELAY_1 has negative value -0.044 . PS DDR interfaces might fail when entering negative DQS skew values. 
CRITICAL WARNING: [PSU-3]  Parameter : PCW_UIPARAM_DDR_DQS_TO_CLK_DELAY_2 has negative value -0.035 . PS DDR interfaces might fail when entering negative DQS skew values. 
CRITICAL WARNING: [PSU-4]  Parameter : PCW_UIPARAM_DDR_DQS_TO_CLK_DELAY_3 has negative value -0.100 . PS DDR interfaces might fail when entering negative DQS skew values. 
WARNING: [BD 41-176] The physical port 'S_AXI_GP2_rd_socket' specified in the portmap, is not found on the block! 
WARNING: [BD 41-176] The physical port 'S_AXI_GP2_wr_socket' specified in the portmap, is not found on the block! 
WARNING: [BD 41-176] The physical port 'S_AXI_GP3_rd_socket' specified in the portmap, is not found on the block! 
WARNING: [BD 41-176] The physical port 'S_AXI_GP3_wr_socket' specified in the portmap, is not found on the block! 
endgroup
connect_bd_net [get_bd_pins xlconcat_0/dout] [get_bd_pins processing_system7_0/IRQ_F2P]
delete_bd_objs [get_bd_nets xlconcat_0_dout]
undo
INFO: [Common 17-17] undo 'delete_bd_objs [get_bd_nets xlconcat_0_dout]'
delete_bd_objs [get_bd_nets btn0_1] [get_bd_nets Debouncing_Button_VH_0_debounced_button] [get_bd_cells Debouncing_Button_VH_0]
undo
INFO: [Common 17-17] undo 'delete_bd_objs [get_bd_nets btn0_1] [get_bd_nets Debouncing_Button_VH_0_debounced_button] [get_bd_cells Debouncing_Button_VH_0]'
undo
INFO: [Common 17-17] undo 'connect_bd_net [get_bd_pins xlconcat_0/dout] [get_bd_pins processing_system7_0/IRQ_F2P]'
undo
INFO: [Common 17-17] undo 'endgroup'
INFO: [Common 17-17] undo 'set_property -dict [list CONFIG.PCW_FPGA0_PERIPHERAL_FREQMHZ {100} CONFIG.PCW_USE_FABRIC_INTERRUPT {1} CONFIG.PCW_IRQ_F2P_INTR {1}] [get_bd_cells processing_system7_0]'
CRITICAL WARNING: [PSU-1]  Parameter : PCW_UIPARAM_DDR_DQS_TO_CLK_DELAY_0 has negative value -0.050 . PS DDR interfaces might fail when entering negative DQS skew values. 
CRITICAL WARNING: [PSU-2]  Parameter : PCW_UIPARAM_DDR_DQS_TO_CLK_DELAY_1 has negative value -0.044 . PS DDR interfaces might fail when entering negative DQS skew values. 
CRITICAL WARNING: [PSU-3]  Parameter : PCW_UIPARAM_DDR_DQS_TO_CLK_DELAY_2 has negative value -0.035 . PS DDR interfaces might fail when entering negative DQS skew values. 
CRITICAL WARNING: [PSU-4]  Parameter : PCW_UIPARAM_DDR_DQS_TO_CLK_DELAY_3 has negative value -0.100 . PS DDR interfaces might fail when entering negative DQS skew values. 
WARNING: [BD 41-176] The physical port 'S_AXI_GP2_rd_socket' specified in the portmap, is not found on the block! 
WARNING: [BD 41-176] The physical port 'S_AXI_GP2_wr_socket' specified in the portmap, is not found on the block! 
WARNING: [BD 41-176] The physical port 'S_AXI_GP3_rd_socket' specified in the portmap, is not found on the block! 
WARNING: [BD 41-176] The physical port 'S_AXI_GP3_wr_socket' specified in the portmap, is not found on the block! 
INFO: [Common 17-17] undo 'startgroup'
undo
INFO: [Common 17-17] undo 'regenerate_bd_layout'
undo
INFO: [Common 17-17] undo 'endgroup'
INFO: [Common 17-17] undo 'apply_bd_automation -rule xilinx.com:bd_rule:board -config { Manual_Source {Auto}}  [get_bd_pins rst_ps7_0_50M/ext_reset_in]'
INFO: [Common 17-17] undo 'apply_bd_automation -rule xilinx.com:bd_rule:axi4 -config { Clk_master {Auto} Clk_slave {Auto} Clk_xbar {Auto} Master {/processing_system7_0/M_AXI_GP0} Slave {/ReproductorAXI_0/S00_AXI} ddr_seg {Auto} intc_ip {New AXI Interconnect} master_apm {0}}  [get_bd_intf_pins ReproductorAXI_0/S00_AXI]'
INFO: [Common 17-17] undo 'apply_bd_automation -rule xilinx.com:bd_rule:axi4 -config { Clk_master {Auto} Clk_slave {Auto} Clk_xbar {Auto} Master {/processing_system7_0/M_AXI_GP0} Slave {/axi_timer_2/S_AXI} ddr_seg {Auto} intc_ip {New AXI Interconnect} master_apm {0}}  [get_bd_intf_pins axi_timer_2/S_AXI]'
INFO: [Common 17-17] undo 'apply_bd_automation -rule xilinx.com:bd_rule:axi4 -config { Clk_master {Auto} Clk_slave {Auto} Clk_xbar {Auto} Master {/processing_system7_0/M_AXI_GP0} Slave {/axi_timer_1/S_AXI} ddr_seg {Auto} intc_ip {New AXI Interconnect} master_apm {0}}  [get_bd_intf_pins axi_timer_1/S_AXI]'
INFO: [Common 17-17] undo 'apply_bd_automation -rule xilinx.com:bd_rule:axi4 -config { Clk_master {Auto} Clk_slave {Auto} Clk_xbar {Auto} Master {/processing_system7_0/M_AXI_GP0} Slave {/axi_timer_0/S_AXI} ddr_seg {Auto} intc_ip {New AXI Interconnect} master_apm {0}}  [get_bd_intf_pins axi_timer_0/S_AXI]'
INFO: [Common 17-17] undo 'apply_bd_automation -rule xilinx.com:bd_rule:axi4 -config { Clk_master {Auto} Clk_slave {Auto} Clk_xbar {Auto} Master {/processing_system7_0/M_AXI_GP0} Slave {/axi_quad_spi_1/AXI_LITE} ddr_seg {Auto} intc_ip {New AXI Interconnect} master_apm {0}}  [get_bd_intf_pins axi_quad_spi_1/AXI_LITE]'
INFO: [Common 17-17] undo 'apply_bd_automation -rule xilinx.com:bd_rule:axi4 -config { Clk_master {Auto} Clk_slave {Auto} Clk_xbar {Auto} Master {/processing_system7_0/M_AXI_GP0} Slave {/axi_quad_spi_0/AXI_LITE} ddr_seg {Auto} intc_ip {New AXI Interconnect} master_apm {0}}  [get_bd_intf_pins axi_quad_spi_0/AXI_LITE]'
INFO: [Common 17-17] undo 'apply_bd_automation -rule xilinx.com:bd_rule:axi4 -config { Clk_master {Auto} Clk_slave {Auto} Clk_xbar {Auto} Master {/processing_system7_0/M_AXI_GP0} Slave {/axi_iic_0/S_AXI} ddr_seg {Auto} intc_ip {New AXI Interconnect} master_apm {0}}  [get_bd_intf_pins axi_iic_0/S_AXI]'
INFO: [Common 17-17] undo 'apply_bd_automation -rule xilinx.com:bd_rule:axi4 -config { Clk_master {Auto} Clk_slave {Auto} Clk_xbar {Auto} Master {/processing_system7_0/M_AXI_GP0} Slave {/axi_gpio_0/S_AXI} ddr_seg {Auto} intc_ip {New AXI Interconnect} master_apm {0}}  [get_bd_intf_pins axi_gpio_0/S_AXI]'
INFO: [Common 17-17] undo 'startgroup'
undo
INFO: [Common 17-17] undo 'apply_bd_automation -rule xilinx.com:bd_rule:processing_system7 -config {make_external "FIXED_IO, DDR" apply_board_preset "1" Master "Disable" Slave "Disable" }  [get_bd_cells processing_system7_0]'
CRITICAL WARNING: [PSU-1]  Parameter : PCW_UIPARAM_DDR_DQS_TO_CLK_DELAY_0 has negative value -0.050 . PS DDR interfaces might fail when entering negative DQS skew values. 
CRITICAL WARNING: [PSU-2]  Parameter : PCW_UIPARAM_DDR_DQS_TO_CLK_DELAY_1 has negative value -0.044 . PS DDR interfaces might fail when entering negative DQS skew values. 
CRITICAL WARNING: [PSU-3]  Parameter : PCW_UIPARAM_DDR_DQS_TO_CLK_DELAY_2 has negative value -0.035 . PS DDR interfaces might fail when entering negative DQS skew values. 
CRITICAL WARNING: [PSU-4]  Parameter : PCW_UIPARAM_DDR_DQS_TO_CLK_DELAY_3 has negative value -0.100 . PS DDR interfaces might fail when entering negative DQS skew values. 
WARNING: [BD 41-176] The physical port 'S_AXI_GP2_rd_socket' specified in the portmap, is not found on the block! 
WARNING: [BD 41-176] The physical port 'S_AXI_GP2_wr_socket' specified in the portmap, is not found on the block! 
WARNING: [BD 41-176] The physical port 'S_AXI_GP3_rd_socket' specified in the portmap, is not found on the block! 
WARNING: [BD 41-176] The physical port 'S_AXI_GP3_wr_socket' specified in the portmap, is not found on the block! 
undo
INFO: [Common 17-17] undo 'delete_bd_objs [get_bd_intf_ports FIXED_IO]'
undo
INFO: [Common 17-17] undo 'delete_bd_objs [get_bd_intf_ports DDR]'
undo
INFO: [Common 17-17] undo 'set_property location {4.5 1191 670} [get_bd_cells processing_system7_0]'
undo
INFO: [Common 17-17] undo 'endgroup'
INFO: [Common 17-17] undo 'create_bd_cell -type ip -vlnv xilinx.com:ip:processing_system7:5.5 processing_system7_0'
INFO: [Common 17-17] undo 'startgroup'
undo
INFO: [Common 17-17] undo 'delete_bd_objs [get_bd_intf_nets ps7_0_axi_periph_M01_AXI] [get_bd_intf_nets ps7_0_axi_periph_M03_AXI] [get_bd_intf_nets ps7_0_axi_periph_M05_AXI] [get_bd_intf_nets ps7_0_axi_periph_M06_AXI] [get_bd_intf_nets ps7_0_axi_periph_M00_AXI] [get_bd_intf_nets ps7_0_axi_periph_M02_AXI] [get_bd_intf_nets ps7_0_axi_periph_M08_AXI] [get_bd_cells ps7_0_axi_periph]'
undo
INFO: [Common 17-17] undo 'delete_bd_objs [get_bd_intf_nets processing_system7_0_FIXED_IO] [get_bd_intf_nets processing_system7_0_M_AXI_GP0] [get_bd_nets xlconcat_0_dout] [get_bd_nets processing_system7_0_FCLK_RESET0_N] [get_bd_intf_nets processing_system7_0_DDR] [get_bd_cells processing_system7_0]'
delete_bd_objs [get_bd_intf_nets processing_system7_0_M_AXI_GP0] [get_bd_intf_nets ps7_0_axi_periph_M01_AXI] [get_bd_intf_nets ps7_0_axi_periph_M03_AXI] [get_bd_intf_nets ps7_0_axi_periph_M05_AXI] [get_bd_intf_nets ps7_0_axi_periph_M06_AXI] [get_bd_intf_nets ps7_0_axi_periph_M00_AXI] [get_bd_intf_nets ps7_0_axi_periph_M02_AXI] [get_bd_intf_nets ps7_0_axi_periph_M08_AXI] [get_bd_cells ps7_0_axi_periph]
startgroup
apply_bd_automation -rule xilinx.com:bd_rule:axi4 -config { Clk_master {/processing_system7_0/FCLK_CLK0 (100 MHz)} Clk_slave {/processing_system7_0/FCLK_CLK0 (100 MHz)} Clk_xbar {/processing_system7_0/FCLK_CLK0 (100 MHz)} Master {/processing_system7_0/M_AXI_GP0} Slave {/axi_gpio_0/S_AXI} ddr_seg {Auto} intc_ip {New AXI Interconnect} master_apm {0}}  [get_bd_intf_pins axi_gpio_0/S_AXI]
apply_bd_automation -rule xilinx.com:bd_rule:axi4 -config { Clk_master {/processing_system7_0/FCLK_CLK0 (100 MHz)} Clk_slave {/processing_system7_0/FCLK_CLK0 (100 MHz)} Clk_xbar {/processing_system7_0/FCLK_CLK0 (100 MHz)} Master {/processing_system7_0/M_AXI_GP0} Slave {/axi_iic_0/S_AXI} ddr_seg {Auto} intc_ip {New AXI Interconnect} master_apm {0}}  [get_bd_intf_pins axi_iic_0/S_AXI]
apply_bd_automation -rule xilinx.com:bd_rule:axi4 -config { Clk_master {/processing_system7_0/FCLK_CLK0 (100 MHz)} Clk_slave {/processing_system7_0/FCLK_CLK0 (100 MHz)} Clk_xbar {/processing_system7_0/FCLK_CLK0 (100 MHz)} Master {/processing_system7_0/M_AXI_GP0} Slave {/axi_quad_spi_0/AXI_LITE} ddr_seg {Auto} intc_ip {New AXI Interconnect} master_apm {0}}  [get_bd_intf_pins axi_quad_spi_0/AXI_LITE]
apply_bd_automation -rule xilinx.com:bd_rule:axi4 -config { Clk_master {/processing_system7_0/FCLK_CLK0 (100 MHz)} Clk_slave {/processing_system7_0/FCLK_CLK0 (100 MHz)} Clk_xbar {/processing_system7_0/FCLK_CLK0 (100 MHz)} Master {/processing_system7_0/M_AXI_GP0} Slave {/axi_quad_spi_1/AXI_LITE} ddr_seg {Auto} intc_ip {New AXI Interconnect} master_apm {0}}  [get_bd_intf_pins axi_quad_spi_1/AXI_LITE]
apply_bd_automation -rule xilinx.com:bd_rule:axi4 -config { Clk_master {/processing_system7_0/FCLK_CLK0 (100 MHz)} Clk_slave {/processing_system7_0/FCLK_CLK0 (100 MHz)} Clk_xbar {/processing_system7_0/FCLK_CLK0 (100 MHz)} Master {/processing_system7_0/M_AXI_GP0} Slave {/axi_timer_0/S_AXI} ddr_seg {Auto} intc_ip {New AXI Interconnect} master_apm {0}}  [get_bd_intf_pins axi_timer_0/S_AXI]
apply_bd_automation -rule xilinx.com:bd_rule:axi4 -config { Clk_master {/processing_system7_0/FCLK_CLK0 (100 MHz)} Clk_slave {/processing_system7_0/FCLK_CLK0 (100 MHz)} Clk_xbar {/processing_system7_0/FCLK_CLK0 (100 MHz)} Master {/processing_system7_0/M_AXI_GP0} Slave {/axi_timer_1/S_AXI} ddr_seg {Auto} intc_ip {New AXI Interconnect} master_apm {0}}  [get_bd_intf_pins axi_timer_1/S_AXI]
apply_bd_automation -rule xilinx.com:bd_rule:axi4 -config { Clk_master {/processing_system7_0/FCLK_CLK0 (100 MHz)} Clk_slave {/processing_system7_0/FCLK_CLK0 (100 MHz)} Clk_xbar {/processing_system7_0/FCLK_CLK0 (100 MHz)} Master {/processing_system7_0/M_AXI_GP0} Slave {/axi_timer_2/S_AXI} ddr_seg {Auto} intc_ip {New AXI Interconnect} master_apm {0}}  [get_bd_intf_pins axi_timer_2/S_AXI]
apply_bd_automation -rule xilinx.com:bd_rule:axi4 -config { Clk_master {/processing_system7_0/FCLK_CLK0 (100 MHz)} Clk_slave {/processing_system7_0/FCLK_CLK0 (100 MHz)} Clk_xbar {/processing_system7_0/FCLK_CLK0 (100 MHz)} Master {/processing_system7_0/M_AXI_GP0} Slave {/ReproductorAXI_0/S00_AXI} ddr_seg {Auto} intc_ip {New AXI Interconnect} master_apm {0}}  [get_bd_intf_pins ReproductorAXI_0/S00_AXI]
endgroup
delete_bd_objs [get_bd_nets clk_1]
connect_bd_net [get_bd_pins ReproductorAXI_0/clk] [get_bd_pins vio_0/clk]
connect_bd_net [get_bd_ports clk] [get_bd_pins Debouncing_Button_VH_0/clk]
delete_bd_objs [get_bd_nets Net]
connect_bd_net [get_bd_ports clk] [get_bd_pins vio_0/clk]
connect_bd_net [get_bd_ports clk] [get_bd_pins ReproductorAXI_0/clk]
regenerate_bd_layout
make_wrapper -files [get_files C:/Users/gusta/OneDrive/Escritorio/SEPmon/SEPmon.srcs/sources_1/bd/DEMO/DEMO.bd] -top
INFO: [xilinx.com:ip:axi_quad_spi:3.2-1] /axi_quad_spi_1 
                   #######################################################################################
                   INFO: AXI Quad SPI core's AXI Lite Clock and EXT SPI CLK are synchronous to each other.
                   ########################################################################################
INFO: [xilinx.com:ip:axi_quad_spi:3.2-1] /axi_quad_spi_1 
                   #######################################################################################
                   INFO: AXI Quad SPI core's AXI Lite Clock and EXT SPI CLK are synchronous to each other.
                   ########################################################################################
INFO: [xilinx.com:ip:axi_quad_spi:3.2-1] /axi_quad_spi_0 
                   #######################################################################################
                   INFO: AXI Quad SPI core's AXI Lite Clock and EXT SPI CLK are synchronous to each other.
                   ########################################################################################
INFO: [xilinx.com:ip:axi_quad_spi:3.2-1] /axi_quad_spi_0 
                   #######################################################################################
                   INFO: AXI Quad SPI core's AXI Lite Clock and EXT SPI CLK are synchronous to each other.
                   ########################################################################################
Wrote  : <C:\Users\gusta\OneDrive\Escritorio\SEPmon\SEPmon.srcs\sources_1\bd\DEMO\DEMO.bd> 
Wrote  : <C:/Users/gusta/OneDrive/Escritorio/SEPmon/SEPmon.srcs/sources_1/bd/DEMO/ui/bd_58220e03.ui> 
VHDL Output written to : C:/Users/gusta/OneDrive/Escritorio/SEPmon/SEPmon.srcs/sources_1/bd/DEMO/synth/DEMO.vhd
VHDL Output written to : C:/Users/gusta/OneDrive/Escritorio/SEPmon/SEPmon.srcs/sources_1/bd/DEMO/sim/DEMO.vhd
VHDL Output written to : C:/Users/gusta/OneDrive/Escritorio/SEPmon/SEPmon.srcs/sources_1/bd/DEMO/hdl/DEMO_wrapper.vhd
reset_run synth_1_copy_1
launch_runs impl_2 -to_step write_bitstream -jobs 8
INFO: [BD 41-1662] The design 'DEMO.bd' is already validated. Therefore parameter propagation will not be re-run.
Wrote  : <C:\Users\gusta\OneDrive\Escritorio\SEPmon\SEPmon.srcs\sources_1\bd\DEMO\DEMO.bd> 
Wrote  : <C:/Users/gusta/OneDrive/Escritorio/SEPmon/SEPmon.srcs/sources_1/bd/DEMO/ui/bd_58220e03.ui> 
VHDL Output written to : C:/Users/gusta/OneDrive/Escritorio/SEPmon/SEPmon.srcs/sources_1/bd/DEMO/synth/DEMO.vhd
VHDL Output written to : C:/Users/gusta/OneDrive/Escritorio/SEPmon/SEPmon.srcs/sources_1/bd/DEMO/sim/DEMO.vhd
VHDL Output written to : C:/Users/gusta/OneDrive/Escritorio/SEPmon/SEPmon.srcs/sources_1/bd/DEMO/hdl/DEMO_wrapper.vhd
INFO: [BD 41-1029] Generation completed for the IP Integrator block ps7_0_axi_periph/xbar .
WARNING: [IP_Flow 19-4994] Overwriting existing constraint file 'c:/Users/gusta/OneDrive/Escritorio/SEPmon/SEPmon.srcs/sources_1/bd/DEMO/ip/DEMO_auto_pc_1/DEMO_auto_pc_1_ooc.xdc'
INFO: [BD 41-1029] Generation completed for the IP Integrator block ps7_0_axi_periph/s00_couplers/auto_pc .
Exporting to file C:/Users/gusta/OneDrive/Escritorio/SEPmon/SEPmon.srcs/sources_1/bd/DEMO/hw_handoff/DEMO.hwh
Generated Block Design Tcl file C:/Users/gusta/OneDrive/Escritorio/SEPmon/SEPmon.srcs/sources_1/bd/DEMO/hw_handoff/DEMO_bd.tcl
Generated Hardware Definition File C:/Users/gusta/OneDrive/Escritorio/SEPmon/SEPmon.srcs/sources_1/bd/DEMO/synth/DEMO.hwdef
INFO: [IP_Flow 19-4993] Using cached IP synthesis design for IP DEMO_auto_pc_1, cache-ID = f0066fce20473567; cache size = 7.148 MB.
[Mon Jul  8 04:15:28 2024] Launched DEMO_xbar_1_synth_1, synth_1_copy_1...
Run output will be captured here:
DEMO_xbar_1_synth_1: C:/Users/gusta/OneDrive/Escritorio/SEPmon/SEPmon.runs/DEMO_xbar_1_synth_1/runme.log
synth_1_copy_1: C:/Users/gusta/OneDrive/Escritorio/SEPmon/SEPmon.runs/synth_1_copy_1/runme.log
[Mon Jul  8 04:15:28 2024] Launched impl_2...
Run output will be captured here: C:/Users/gusta/OneDrive/Escritorio/SEPmon/SEPmon.runs/impl_2/runme.log
launch_runs: Time (s): cpu = 00:00:06 ; elapsed = 00:00:06 . Memory (MB): peak = 1673.234 ; gain = 0.535
CRITICAL WARNING: [PSU-1]  Parameter : PCW_UIPARAM_DDR_DQS_TO_CLK_DELAY_0 has negative value -0.050 . PS DDR interfaces might fail when entering negative DQS skew values. 
CRITICAL WARNING: [PSU-2]  Parameter : PCW_UIPARAM_DDR_DQS_TO_CLK_DELAY_1 has negative value -0.044 . PS DDR interfaces might fail when entering negative DQS skew values. 
CRITICAL WARNING: [PSU-3]  Parameter : PCW_UIPARAM_DDR_DQS_TO_CLK_DELAY_2 has negative value -0.035 . PS DDR interfaces might fail when entering negative DQS skew values. 
CRITICAL WARNING: [PSU-4]  Parameter : PCW_UIPARAM_DDR_DQS_TO_CLK_DELAY_3 has negative value -0.100 . PS DDR interfaces might fail when entering negative DQS skew values. 
CRITICAL WARNING: [PSU-1]  Parameter : PCW_UIPARAM_DDR_DQS_TO_CLK_DELAY_0 has negative value -0.050 . PS DDR interfaces might fail when entering negative DQS skew values. 
CRITICAL WARNING: [PSU-2]  Parameter : PCW_UIPARAM_DDR_DQS_TO_CLK_DELAY_1 has negative value -0.044 . PS DDR interfaces might fail when entering negative DQS skew values. 
CRITICAL WARNING: [PSU-3]  Parameter : PCW_UIPARAM_DDR_DQS_TO_CLK_DELAY_2 has negative value -0.035 . PS DDR interfaces might fail when entering negative DQS skew values. 
CRITICAL WARNING: [PSU-4]  Parameter : PCW_UIPARAM_DDR_DQS_TO_CLK_DELAY_3 has negative value -0.100 . PS DDR interfaces might fail when entering negative DQS skew values. 
WARNING: [IP_Flow 19-474] Invalid Parameter 'Component_Name'
set_property pfm_name {} [get_files -all {C:/Users/gusta/OneDrive/Escritorio/SEPmon/SEPmon.srcs/sources_1/bd/DEMO/DEMO.bd}]
write_hw_platform -fixed -include_bit -force -file C:/Users/gusta/OneDrive/Escritorio/SEPmon/SEPmonxd.xsa
INFO: [Vivado 12-4895] Creating Hardware Platform: C:/Users/gusta/OneDrive/Escritorio/SEPmon/SEPmonxd.xsa ...
INFO: [Hsi 55-2053] elapsed time for repository (C:/Xilinx/Vivado/2020.1/data\embeddedsw) loading 0 seconds
WARNING: [Project 1-645] Board images not set in Hardware Platform.
INFO: [Vivado 12-4896] Successfully created Hardware Platform: C:/Users/gusta/OneDrive/Escritorio/SEPmon/SEPmonxd.xsa
write_hw_platform: Time (s): cpu = 00:00:10 ; elapsed = 00:00:10 . Memory (MB): peak = 1692.113 ; gain = 3.512
INFO: [Vivado 12-8231] Launching Vitis
INFO: [Vivado 12-417] Running vitis
INFO: [Vivado 12-8232] Vitis launch initiated. Please check console for any further messages.
